Starting ephys preprocessing...
Checking ../data/preprocessed_data/spikesorting/ly07/config_1/2025-06-01T14:45:18 for DONE.txt
Not DONE... preprocessing data
Assigning bad channels...
No outside_brain channels found on shank 1
No noisey channels found on shank 1
4 dead channel(s) found on shank 1
No outside_brain channels found on shank 2
No noisey channels found on shank 2
1 dead channel(s) found on shank 2
No outside_brain channels found on shank 3
No noisey channels found on shank 3
No dead channels found on shank 3
No outside_brain channels found on shank 4
No noisey channels found on shank 4
1 dead channel(s) found on shank 4
saving preprocessed traces for visual inspection
Caching preprocessed data
write_binary_recording 
n_jobs=80 - samples_per_chunk=30,000 - chunk_memory=21.63 MiB - total_memory=1.69 GiB - chunk_duration=1.00s
running spikesorting
running Kilosort4
Skipping common average reference.
kilosort4 run time 472.14s
Computing quality metrics...
calculating templates
calculating noise levels
calculating correlograms
calculating unit locations
calculating spike amplitudes
calculating spike locations
calculating template similarity
computing quality metrics df
exporting cluster reports
Found 21 single units, passing quality control
completed ephys preprocessing for ly07 2025-06-01T14:45:18
Done for all probes
