Script started: Thu Aug  7 08:58:38 UTC 2025
Running merge, preprocess and KiloSort file
Conda environment activated
Running Python pipeline
Preprocessing data for ly07 on dates 2025-06-24_2025-06-25 and saving to /ceph/behrens/adam_harris/Taskspace_abstraction_lEC/data/preprocessed/ephys/ly07/2025-06-24_2025-06-25_preprocessed

Successfully merged 24 recordings.
ConcatenateSegmentRecording: 384 channels - 30.0kHz - 1 segments - 752,238,919 samples 
                             25,074.63s (6.97 hours) - int16 dtype - 538.04 GiB
Assigning bad channels...
No outside_brain channels found on shank 1
No noisey channels found on shank 1
4 dead channel(s) found on shank 1
No outside_brain channels found on shank 2
No noisey channels found on shank 2
1 dead channel(s) found on shank 2
No outside_brain channels found on shank 3
No noisey channels found on shank 3
No dead channels found on shank 3
No outside_brain channels found on shank 4
No noisey channels found on shank 4
1 dead channel(s) found on shank 4
saving preprocessed traces for visual inspection
Preprocessed recording: ChannelsAggregationRecording: 378 channels - 30.0kHz - 1 segments - 752,238,919 samples 
                              25,074.63s (6.97 hours) - int16 dtype - 529.64 GiB
All done! Thu Aug  7 09:06:10 UTC 2025
