Script started: Thu Aug  7 09:06:10 UTC 2025
Running merge, preprocess and KiloSort file
Conda environment activated
Running Python pipeline
Preprocessing data for ah10 on dates 2025-06-24_2025-06-25 and saving to /ceph/behrens/adam_harris/Taskspace_abstraction_lEC/data/preprocessed/ephys/ah10/2025-06-24_2025-06-25_preprocessed

Successfully merged 24 recordings.
ConcatenateSegmentRecording: 384 channels - 30.0kHz - 1 segments - 748,350,996 samples 
                             24,945.03s (6.93 hours) - int16 dtype - 535.26 GiB
Assigning bad channels...
No outside_brain channels found on shank 1
No noisey channels found on shank 1
No dead channels found on shank 1
No outside_brain channels found on shank 2
No noisey channels found on shank 2
No dead channels found on shank 2
No outside_brain channels found on shank 3
No noisey channels found on shank 3
2 dead channel(s) found on shank 3
No outside_brain channels found on shank 4
No noisey channels found on shank 4
1 dead channel(s) found on shank 4
saving preprocessed traces for visual inspection
Preprocessed recording: ChannelsAggregationRecording: 381 channels - 30.0kHz - 1 segments - 748,350,996 samples 
                              24,945.03s (6.93 hours) - int16 dtype - 531.08 GiB
All done! Thu Aug  7 09:11:24 UTC 2025
