Script started: Fri Aug  8 10:05:05 UTC 2025
Running merge, preprocess and KiloSort file
Conda environment activated
Running Python pipeline
Preprocessing data for ah08 on dates 2025-06-20_2025-06-23 and saving to /ceph/behrens/adam_harris/Taskspace_abstraction_lEC/data/preprocessed/ephys/ah08/2025-06-20_2025-06-23_preprocessed_2

Successfully merged 19 recordings.
ConcatenateSegmentRecording: 384 channels - 30.0kHz - 1 segments - 662,102,727 samples 
                             22,070.09s (6.13 hours) - int16 dtype - 473.57 GiB
Assigning bad channels...
No outside_brain channels found on shank 1
No noisey channels found on shank 1
2 dead channel(s) found on shank 1
No outside_brain channels found on shank 2
No noisey channels found on shank 2
1 dead channel(s) found on shank 2
No outside_brain channels found on shank 3
1 noisey channel(s) found on shank 3
No dead channels found on shank 3
No outside_brain channels found on shank 4
No noisey channels found on shank 4
3 dead channel(s) found on shank 4
saving preprocessed traces for visual inspection
Preprocessed recording: ChannelsAggregationRecording: 377 channels - 30.0kHz - 1 segments - 662,102,727 samples 
                              22,070.09s (6.13 hours) - int16 dtype - 464.94 GiB
All done! Fri Aug  8 10:17:37 UTC 2025
