Script started: Fri Aug  8 20:46:01 UTC 2025
Running merge, preprocess and KiloSort file
Conda environment activated
Running Python pipeline
Preprocessing data for ah08 on dates 2025-06-18_2025-06-19 and saving to /ceph/behrens/adam_harris/Taskspace_abstraction_lEC/data/preprocessed/ephys/ah08/2025-06-18_2025-06-19_preprocessed_2

Successfully merged 19 recordings.
ConcatenateSegmentRecording: 384 channels - 30.0kHz - 1 segments - 785,409,957 samples 
                             26,180.33s (7.27 hours) - int16 dtype - 561.77 GiB
Assigning bad channels...
No outside_brain channels found on shank 1
No noisey channels found on shank 1
2 dead channel(s) found on shank 1
No outside_brain channels found on shank 2
No noisey channels found on shank 2
1 dead channel(s) found on shank 2
No outside_brain channels found on shank 3
1 noisey channel(s) found on shank 3
No dead channels found on shank 3
No outside_brain channels found on shank 4
No noisey channels found on shank 4
3 dead channel(s) found on shank 4
saving preprocessed traces for visual inspection
Preprocessed recording: ChannelsAggregationRecording: 377 channels - 30.0kHz - 1 segments - 785,409,957 samples 
                              26,180.33s (7.27 hours) - int16 dtype - 551.53 GiB
All done! Fri Aug  8 20:51:29 UTC 2025
