gpu-350-01
Loading Brainglobe module
Fri Aug 22 06:18:01 2025       
+-----------------------------------------------------------------------------------------+
| NVIDIA-SMI 560.35.05              Driver Version: 560.35.05      CUDA Version: 12.6     |
|-----------------------------------------+------------------------+----------------------+
| GPU  Name                 Persistence-M | Bus-Id          Disp.A | Volatile Uncorr. ECC |
| Fan  Temp   Perf          Pwr:Usage/Cap |           Memory-Usage | GPU-Util  Compute M. |
|                                         |                        |               MIG M. |
|=========================================+========================+======================|
|   0  NVIDIA RTX A4500               Off |   00000000:8A:00.0 Off |                  Off |
| 30%   31C    P8             14W /  200W |       2MiB /  20470MiB |      0%      Default |
|                                         |                        |                  N/A |
+-----------------------------------------+------------------------+----------------------+
                                                                                         
+-----------------------------------------------------------------------------------------+
| Processes:                                                                              |
|  GPU   GI   CI        PID   Type   Process name                              GPU Memory |
|        ID   ID                                                               Usage      |
|=========================================================================================|
|  No running processes found                                                             |
+-----------------------------------------------------------------------------------------+
Running brainreg
[2;36m2025-08-22 06:18:03 AM[0m[2;36m [0m[34mINFO    [0m [1;36m2025[0m-[1;36m08[0m-[1;36m22[0m [1;92m06:18:03[0m AM - INFO -  ]8;id=215098;file:///ceph/apps/ubuntu-20/packages/brainglobe/2024-03-01/lib/python3.10/site-packages/fancylog/fancylog.py\[2mfancylog.py[0m]8;;\[2m:[0m]8;id=170569;file:///ceph/apps/ubuntu-20/packages/brainglobe/2024-03-01/lib/python3.10/site-packages/fancylog/fancylog.py#321\[2m321[0m]8;;\
[2;36m                       [0m         MainProcess fancylog.py:[1;36m321[0m -    [2m               [0m
[2;36m                       [0m         Starting logging                 [2m               [0m
[2;36m                      [0m[2;36m [0m[34mINFO    [0m [1;36m2025[0m-[1;36m08[0m-[1;36m22[0m [1;92m06:18:03[0m AM - INFO -  ]8;id=27865;file:///ceph/apps/ubuntu-20/packages/brainglobe/2024-03-01/lib/python3.10/site-packages/fancylog/fancylog.py\[2mfancylog.py[0m]8;;\[2m:[0m]8;id=240621;file:///ceph/apps/ubuntu-20/packages/brainglobe/2024-03-01/lib/python3.10/site-packages/fancylog/fancylog.py#322\[2m322[0m]8;;\
[2;36m                       [0m         MainProcess fancylog.py:[1;36m322[0m -    [2m               [0m
[2;36m                       [0m         Not logging multiple processes   [2m               [0m
[2;36m                      [0m[2;36m [0m[34mINFO    [0m [1;36m2025[0m-[1;36m08[0m-[1;36m22[0m [1;92m06:18:03[0m AM - INFO -       ]8;id=453194;file:///ceph/apps/ubuntu-20/packages/brainglobe/2024-03-01/lib/python3.10/site-packages/brainreg/core/cli.py\[2mcli.py[0m]8;;\[2m:[0m]8;id=526171;file:///ceph/apps/ubuntu-20/packages/brainglobe/2024-03-01/lib/python3.10/site-packages/brainreg/core/cli.py#232\[2m232[0m]8;;\
[2;36m                       [0m         MainProcess cli.py:[1;36m232[0m - Starting     [2m          [0m
[2;36m                       [0m         registration                          [2m          [0m
[2;36m                      [0m[2;36m [0m[32mDEBUG   [0m [1;36m2025[0m-[1;36m08[0m-[1;36m22[0m [1;92m06:18:03[0m AM - DEBUG -   ]8;id=592898;file:///ceph/apps/ubuntu-20/packages/brainglobe/2024-03-01/lib/python3.10/site-packages/brainglobe_utils/general/system.py\[2msystem.py[0m]8;;\[2m:[0m]8;id=444023;file:///ceph/apps/ubuntu-20/packages/brainglobe/2024-03-01/lib/python3.10/site-packages/brainglobe_utils/general/system.py#139\[2m139[0m]8;;\
[2;36m                       [0m         MainProcess system.py:[1;36m139[0m -        [2m             [0m
[2;36m                       [0m         Determining the maximum number of  [2m             [0m
[2;36m                       [0m         CPU cores to use                   [2m             [0m
[2;36m                      [0m[2;36m [0m[32mDEBUG   [0m [1;36m2025[0m-[1;36m08[0m-[1;36m22[0m [1;92m06:18:03[0m AM - DEBUG -   ]8;id=603339;file:///ceph/apps/ubuntu-20/packages/brainglobe/2024-03-01/lib/python3.10/site-packages/brainglobe_utils/general/system.py\[2msystem.py[0m]8;;\[2m:[0m]8;id=14245;file:///ceph/apps/ubuntu-20/packages/brainglobe/2024-03-01/lib/python3.10/site-packages/brainglobe_utils/general/system.py#144\[2m144[0m]8;;\
[2;36m                       [0m         MainProcess system.py:[1;36m144[0m - Number [2m             [0m
[2;36m                       [0m         of CPU cores available is: [1;36m4[0m       [2m             [0m
[2;36m                      [0m[2;36m [0m[32mDEBUG   [0m [1;36m2025[0m-[1;36m08[0m-[1;36m22[0m [1;92m06:18:03[0m AM - DEBUG -   ]8;id=223555;file:///ceph/apps/ubuntu-20/packages/brainglobe/2024-03-01/lib/python3.10/site-packages/brainglobe_utils/general/system.py\[2msystem.py[0m]8;;\[2m:[0m]8;id=811904;file:///ceph/apps/ubuntu-20/packages/brainglobe/2024-03-01/lib/python3.10/site-packages/brainglobe_utils/general/system.py#171\[2m171[0m]8;;\
[2;36m                       [0m         MainProcess system.py:[1;36m171[0m -        [2m             [0m
[2;36m                       [0m         Setting number of processes to: [1;36m4[0m  [2m             [0m
[2;36m                      [0m[2;36m [0m[34mINFO    [0m [1;36m2025[0m-[1;36m08[0m-[1;36m22[0m [1;92m06:18:03[0m AM - INFO -       ]8;id=536867;file:///ceph/apps/ubuntu-20/packages/brainglobe/2024-03-01/lib/python3.10/site-packages/brainreg/core/main.py\[2mmain.py[0m]8;;\[2m:[0m]8;id=779921;file:///ceph/apps/ubuntu-20/packages/brainglobe/2024-03-01/lib/python3.10/site-packages/brainreg/core/main.py#55\[2m55[0m]8;;\
[2;36m                       [0m         MainProcess main.py:[1;36m55[0m - Loading raw  [2m          [0m
[2;36m                       [0m         image data                            [2m          [0m
[2;36m                      [0m[2;36m [0m[32mDEBUG   [0m [1;36m2025[0m-[1;36m08[0m-[1;36m22[0m [1;92m06:18:03[0m AM - DEBUG -      ]8;id=515415;file:///ceph/apps/ubuntu-20/packages/brainglobe/2024-03-01/lib/python3.10/site-packages/brainglobe_utils/image_io/load.py\[2mload.py[0m]8;;\[2m:[0m]8;id=999996;file:///ceph/apps/ubuntu-20/packages/brainglobe/2024-03-01/lib/python3.10/site-packages/brainglobe_utils/image_io/load.py#69\[2m69[0m]8;;\
[2;36m                       [0m         MainProcess load.py:[1;36m69[0m - Data type    [2m          [0m
[2;36m                       [0m         is: directory of files                [2m          [0m
[2;36m                      [0m[2;36m [0m[32mDEBUG   [0m [1;36m2025[0m-[1;36m08[0m-[1;36m22[0m [1;92m06:18:03[0m AM - DEBUG -   ]8;id=62447;file:///ceph/apps/ubuntu-20/packages/brainglobe/2024-03-01/lib/python3.10/site-packages/brainglobe_utils/general/system.py\[2msystem.py[0m]8;;\[2m:[0m]8;id=265200;file:///ceph/apps/ubuntu-20/packages/brainglobe/2024-03-01/lib/python3.10/site-packages/brainglobe_utils/general/system.py#139\[2m139[0m]8;;\
[2;36m                       [0m         MainProcess system.py:[1;36m139[0m -        [2m             [0m
[2;36m                       [0m         Determining the maximum number of  [2m             [0m
[2;36m                       [0m         CPU cores to use                   [2m             [0m
[2;36m                      [0m[2;36m [0m[32mDEBUG   [0m [1;36m2025[0m-[1;36m08[0m-[1;36m22[0m [1;92m06:18:03[0m AM - DEBUG -   ]8;id=806030;file:///ceph/apps/ubuntu-20/packages/brainglobe/2024-03-01/lib/python3.10/site-packages/brainglobe_utils/general/system.py\[2msystem.py[0m]8;;\[2m:[0m]8;id=885672;file:///ceph/apps/ubuntu-20/packages/brainglobe/2024-03-01/lib/python3.10/site-packages/brainglobe_utils/general/system.py#144\[2m144[0m]8;;\
[2;36m                       [0m         MainProcess system.py:[1;36m144[0m - Number [2m             [0m
[2;36m                       [0m         of CPU cores available is: [1;36m4[0m       [2m             [0m
[2;36m                      [0m[2;36m [0m[32mDEBUG   [0m [1;36m2025[0m-[1;36m08[0m-[1;36m22[0m [1;92m06:18:03[0m AM - DEBUG -   ]8;id=4556;file:///ceph/apps/ubuntu-20/packages/brainglobe/2024-03-01/lib/python3.10/site-packages/brainglobe_utils/general/system.py\[2msystem.py[0m]8;;\[2m:[0m]8;id=555372;file:///ceph/apps/ubuntu-20/packages/brainglobe/2024-03-01/lib/python3.10/site-packages/brainglobe_utils/general/system.py#171\[2m171[0m]8;;\
[2;36m                       [0m         MainProcess system.py:[1;36m171[0m -        [2m             [0m
[2;36m                       [0m         Setting number of processes to: [1;36m4[0m  [2m             [0m
[2;36m2025-08-22 06:37:51 AM[0m[2;36m [0m[34mINFO    [0m [1;36m2025[0m-[1;36m08[0m-[1;36m22[0m [1;92m06:37:51[0m AM - INFO -        ]8;id=462376;file:///ceph/apps/ubuntu-20/packages/brainglobe/2024-03-01/lib/python3.10/site-packages/brainreg/core/backend/niftyreg/run.py\[2mrun.py[0m]8;;\[2m:[0m]8;id=190002;file:///ceph/apps/ubuntu-20/packages/brainglobe/2024-03-01/lib/python3.10/site-packages/brainreg/core/backend/niftyreg/run.py#85\[2m85[0m]8;;\
[2;36m                       [0m         MainProcess run.py:[1;36m85[0m - Registering    [2m         [0m
[2;36m                      [0m[2;36m [0m[34mINFO    [0m [1;36m2025[0m-[1;36m08[0m-[1;36m22[0m [1;92m06:37:51[0m AM - INFO -       ]8;id=1302;file:///ceph/apps/ubuntu-20/packages/brainglobe/2024-03-01/lib/python3.10/site-packages/brainreg/core/backend/niftyreg/run.py\[2mrun.py[0m]8;;\[2m:[0m]8;id=140987;file:///ceph/apps/ubuntu-20/packages/brainglobe/2024-03-01/lib/python3.10/site-packages/brainreg/core/backend/niftyreg/run.py#103\[2m103[0m]8;;\
[2;36m                       [0m         MainProcess run.py:[1;36m103[0m - Starting     [2m          [0m
[2;36m                       [0m         affine registration                   [2m          [0m
[2;36m2025-08-22 07:07:07 AM[0m[2;36m [0m[34mINFO    [0m [1;36m2025[0m-[1;36m08[0m-[1;36m22[0m [1;92m07:07:07[0m AM - INFO -       ]8;id=166494;file:///ceph/apps/ubuntu-20/packages/brainglobe/2024-03-01/lib/python3.10/site-packages/brainreg/core/backend/niftyreg/run.py\[2mrun.py[0m]8;;\[2m:[0m]8;id=661536;file:///ceph/apps/ubuntu-20/packages/brainglobe/2024-03-01/lib/python3.10/site-packages/brainreg/core/backend/niftyreg/run.py#106\[2m106[0m]8;;\
[2;36m                       [0m         MainProcess run.py:[1;36m106[0m - Starting     [2m          [0m
[2;36m                       [0m         freeform registration                 [2m          [0m
[2;36m2025-08-22 07:13:26 AM[0m[2;36m [0m[34mINFO    [0m [1;36m2025[0m-[1;36m08[0m-[1;36m22[0m [1;92m07:13:26[0m AM - INFO -       ]8;id=962545;file:///ceph/apps/ubuntu-20/packages/brainglobe/2024-03-01/lib/python3.10/site-packages/brainreg/core/backend/niftyreg/run.py\[2mrun.py[0m]8;;\[2m:[0m]8;id=558212;file:///ceph/apps/ubuntu-20/packages/brainglobe/2024-03-01/lib/python3.10/site-packages/brainreg/core/backend/niftyreg/run.py#109\[2m109[0m]8;;\
[2;36m                       [0m         MainProcess run.py:[1;36m109[0m - Starting     [2m          [0m
[2;36m                       [0m         segmentation                          [2m          [0m
[2;36m2025-08-22 07:14:23 AM[0m[2;36m [0m[34mINFO    [0m [1;36m2025[0m-[1;36m08[0m-[1;36m22[0m [1;92m07:14:23[0m AM - INFO -       ]8;id=112985;file:///ceph/apps/ubuntu-20/packages/brainglobe/2024-03-01/lib/python3.10/site-packages/brainreg/core/backend/niftyreg/run.py\[2mrun.py[0m]8;;\[2m:[0m]8;id=427342;file:///ceph/apps/ubuntu-20/packages/brainglobe/2024-03-01/lib/python3.10/site-packages/brainreg/core/backend/niftyreg/run.py#112\[2m112[0m]8;;\
[2;36m                       [0m         MainProcess run.py:[1;36m112[0m - Segmenting   [2m          [0m
[2;36m                       [0m         hemispheres                           [2m          [0m
[2;36m2025-08-22 07:14:49 AM[0m[2;36m [0m[34mINFO    [0m [1;36m2025[0m-[1;36m08[0m-[1;36m22[0m [1;92m07:14:49[0m AM - INFO -       ]8;id=857132;file:///ceph/apps/ubuntu-20/packages/brainglobe/2024-03-01/lib/python3.10/site-packages/brainreg/core/backend/niftyreg/run.py\[2mrun.py[0m]8;;\[2m:[0m]8;id=156992;file:///ceph/apps/ubuntu-20/packages/brainglobe/2024-03-01/lib/python3.10/site-packages/brainreg/core/backend/niftyreg/run.py#115\[2m115[0m]8;;\
[2;36m                       [0m         MainProcess run.py:[1;36m115[0m - Generating   [2m          [0m
[2;36m                       [0m         inverse [1m([0msample to atlas[1m)[0m transforms  [2m          [0m
[2;36m                      [0m[2;36m [0m[32mDEBUG   [0m [1;36m2025[0m-[1;36m08[0m-[1;36m22[0m [1;92m07:14:49[0m AM -     ]8;id=660994;file:///ceph/apps/ubuntu-20/packages/brainglobe/2024-03-01/lib/python3.10/site-packages/brainreg/core/backend/niftyreg/registration.py\[2mregistration.py[0m]8;;\[2m:[0m]8;id=390220;file:///ceph/apps/ubuntu-20/packages/brainglobe/2024-03-01/lib/python3.10/site-packages/brainreg/core/backend/niftyreg/registration.py#133\[2m133[0m]8;;\
[2;36m                       [0m         DEBUG - MainProcess          [2m                   [0m
[2;36m                       [0m         registration.py:[1;36m133[0m -        [2m                   [0m
[2;36m                       [0m         Generating inverse affine    [2m                   [0m
[2;36m                       [0m         transform                    [2m                   [0m
[2;36m                      [0m[2;36m [0m[32mDEBUG   [0m [1;36m2025[0m-[1;36m08[0m-[1;36m22[0m [1;92m07:14:49[0m AM -     ]8;id=92218;file:///ceph/apps/ubuntu-20/packages/brainglobe/2024-03-01/lib/python3.10/site-packages/brainreg/core/backend/niftyreg/registration.py\[2mregistration.py[0m]8;;\[2m:[0m]8;id=583702;file:///ceph/apps/ubuntu-20/packages/brainglobe/2024-03-01/lib/python3.10/site-packages/brainreg/core/backend/niftyreg/registration.py#172\[2m172[0m]8;;\
[2;36m                       [0m         DEBUG - MainProcess          [2m                   [0m
[2;36m                       [0m         registration.py:[1;36m172[0m -        [2m                   [0m
[2;36m                       [0m         Registering sample to atlas  [2m                   [0m
[2;36m2025-08-22 07:23:03 AM[0m[2;36m [0m[34mINFO    [0m [1;36m2025[0m-[1;36m08[0m-[1;36m22[0m [1;92m07:23:03[0m AM - INFO -       ]8;id=154770;file:///ceph/apps/ubuntu-20/packages/brainglobe/2024-03-01/lib/python3.10/site-packages/brainreg/core/backend/niftyreg/run.py\[2mrun.py[0m]8;;\[2m:[0m]8;id=510797;file:///ceph/apps/ubuntu-20/packages/brainglobe/2024-03-01/lib/python3.10/site-packages/brainreg/core/backend/niftyreg/run.py#118\[2m118[0m]8;;\
[2;36m                       [0m         MainProcess run.py:[1;36m118[0m - Transforming [2m          [0m
[2;36m                       [0m         image to standard space               [2m          [0m
[2;36m2025-08-22 07:23:55 AM[0m[2;36m [0m[34mINFO    [0m [1;36m2025[0m-[1;36m08[0m-[1;36m22[0m [1;92m07:23:55[0m AM - INFO -       ]8;id=957755;file:///ceph/apps/ubuntu-20/packages/brainglobe/2024-03-01/lib/python3.10/site-packages/brainreg/core/backend/niftyreg/run.py\[2mrun.py[0m]8;;\[2m:[0m]8;id=850247;file:///ceph/apps/ubuntu-20/packages/brainglobe/2024-03-01/lib/python3.10/site-packages/brainreg/core/backend/niftyreg/run.py#124\[2m124[0m]8;;\
[2;36m                       [0m         MainProcess run.py:[1;36m124[0m - Generating   [2m          [0m
[2;36m                       [0m         deformation field                     [2m          [0m
[2;36m                      [0m[2;36m [0m[34mINFO    [0m [1;36m2025[0m-[1;36m08[0m-[1;36m22[0m [1;92m07:23:55[0m AM -     ]8;id=994994;file:///ceph/apps/ubuntu-20/packages/brainglobe/2024-03-01/lib/python3.10/site-packages/brainreg/core/backend/niftyreg/registration.py\[2mregistration.py[0m]8;;\[2m:[0m]8;id=710926;file:///ceph/apps/ubuntu-20/packages/brainglobe/2024-03-01/lib/python3.10/site-packages/brainreg/core/backend/niftyreg/registration.py#280\[2m280[0m]8;;\
[2;36m                       [0m         INFO - MainProcess           [2m                   [0m
[2;36m                       [0m         registration.py:[1;36m280[0m -        [2m                   [0m
[2;36m                       [0m         Generating deformation field [2m                   [0m
[2;36m2025-08-22 07:24:16 AM[0m[2;36m [0m[34mINFO    [0m [1;36m2025[0m-[1;36m08[0m-[1;36m22[0m [1;92m07:24:16[0m AM - INFO -       ]8;id=132764;file:///ceph/apps/ubuntu-20/packages/brainglobe/2024-03-01/lib/python3.10/site-packages/brainreg/core/backend/niftyreg/run.py\[2mrun.py[0m]8;;\[2m:[0m]8;id=263234;file:///ceph/apps/ubuntu-20/packages/brainglobe/2024-03-01/lib/python3.10/site-packages/brainreg/core/backend/niftyreg/run.py#127\[2m127[0m]8;;\
[2;36m                       [0m         MainProcess run.py:[1;36m127[0m - Exporting    [2m          [0m
[2;36m                       [0m         images as tiff                        [2m          [0m
[2;36m                      [0m[2;36m [0m[32mDEBUG   [0m [1;36m2025[0m-[1;36m08[0m-[1;36m22[0m [1;92m07:24:16[0m AM - DEBUG -     ]8;id=827446;file:///ceph/apps/ubuntu-20/packages/brainglobe/2024-03-01/lib/python3.10/site-packages/brainglobe_utils/image_io/load.py\[2mload.py[0m]8;;\[2m:[0m]8;id=757237;file:///ceph/apps/ubuntu-20/packages/brainglobe/2024-03-01/lib/python3.10/site-packages/brainglobe_utils/image_io/load.py#105\[2m105[0m]8;;\
[2;36m                       [0m         MainProcess load.py:[1;36m105[0m - Data type  [2m           [0m
[2;36m                       [0m         is: NifTI                            [2m           [0m
[2;36m                      [0m[2;36m [0m[34mINFO    [0m [1;36m2025[0m-[1;36m08[0m-[1;36m22[0m [1;92m07:24:16[0m AM -   ]8;id=45605;file:///ceph/apps/ubuntu-20/packages/brainglobe/2024-03-01/lib/python3.10/site-packages/nibabel/batteryrunners.py\[2mbatteryrunners.py[0m]8;;\[2m:[0m]8;id=814032;file:///ceph/apps/ubuntu-20/packages/brainglobe/2024-03-01/lib/python3.10/site-packages/nibabel/batteryrunners.py#268\[2m268[0m]8;;\
[2;36m                       [0m         INFO - MainProcess         [2m                     [0m
[2;36m                       [0m         batteryrunners.py:[1;36m268[0m -    [2m                     [0m
[2;36m                       [0m         pixdim[1m[[0m[1;36m0[0m[1m][0m [1m([0mqfac[1m)[0m should be [2m                     [0m
[2;36m                       [0m         [1;36m1[0m [1m([0mdefault[1m)[0m or [1;36m-1[0m; setting [2m                     [0m
[2;36m                       [0m         qfac to [1;36m1[0m                  [2m                     [0m
[2;36m2025-08-22 07:24:30 AM[0m[2;36m [0m[32mDEBUG   [0m [1;36m2025[0m-[1;36m08[0m-[1;36m22[0m [1;92m07:24:30[0m AM - DEBUG -     ]8;id=889295;file:///ceph/apps/ubuntu-20/packages/brainglobe/2024-03-01/lib/python3.10/site-packages/brainglobe_utils/image_io/load.py\[2mload.py[0m]8;;\[2m:[0m]8;id=157388;file:///ceph/apps/ubuntu-20/packages/brainglobe/2024-03-01/lib/python3.10/site-packages/brainglobe_utils/image_io/load.py#105\[2m105[0m]8;;\
[2;36m                       [0m         MainProcess load.py:[1;36m105[0m - Data type  [2m           [0m
[2;36m                       [0m         is: NifTI                            [2m           [0m
[2;36m                      [0m[2;36m [0m[34mINFO    [0m [1;36m2025[0m-[1;36m08[0m-[1;36m22[0m [1;92m07:24:30[0m AM -   ]8;id=760251;file:///ceph/apps/ubuntu-20/packages/brainglobe/2024-03-01/lib/python3.10/site-packages/nibabel/batteryrunners.py\[2mbatteryrunners.py[0m]8;;\[2m:[0m]8;id=599249;file:///ceph/apps/ubuntu-20/packages/brainglobe/2024-03-01/lib/python3.10/site-packages/nibabel/batteryrunners.py#268\[2m268[0m]8;;\
[2;36m                       [0m         INFO - MainProcess         [2m                     [0m
[2;36m                       [0m         batteryrunners.py:[1;36m268[0m -    [2m                     [0m
[2;36m                       [0m         pixdim[1m[[0m[1;36m0[0m[1m][0m [1m([0mqfac[1m)[0m should be [2m                     [0m
[2;36m                       [0m         [1;36m1[0m [1m([0mdefault[1m)[0m or [1;36m-1[0m; setting [2m                     [0m
[2;36m                       [0m         qfac to [1;36m1[0m                  [2m                     [0m
[2;36m2025-08-22 07:24:41 AM[0m[2;36m [0m[32mDEBUG   [0m [1;36m2025[0m-[1;36m08[0m-[1;36m22[0m [1;92m07:24:41[0m AM - DEBUG -     ]8;id=917755;file:///ceph/apps/ubuntu-20/packages/brainglobe/2024-03-01/lib/python3.10/site-packages/brainglobe_utils/image_io/load.py\[2mload.py[0m]8;;\[2m:[0m]8;id=195143;file:///ceph/apps/ubuntu-20/packages/brainglobe/2024-03-01/lib/python3.10/site-packages/brainglobe_utils/image_io/load.py#105\[2m105[0m]8;;\
[2;36m                       [0m         MainProcess load.py:[1;36m105[0m - Data type  [2m           [0m
[2;36m                       [0m         is: NifTI                            [2m           [0m
[2;36m                      [0m[2;36m [0m[34mINFO    [0m [1;36m2025[0m-[1;36m08[0m-[1;36m22[0m [1;92m07:24:41[0m AM -   ]8;id=621039;file:///ceph/apps/ubuntu-20/packages/brainglobe/2024-03-01/lib/python3.10/site-packages/nibabel/batteryrunners.py\[2mbatteryrunners.py[0m]8;;\[2m:[0m]8;id=700310;file:///ceph/apps/ubuntu-20/packages/brainglobe/2024-03-01/lib/python3.10/site-packages/nibabel/batteryrunners.py#268\[2m268[0m]8;;\
[2;36m                       [0m         INFO - MainProcess         [2m                     [0m
[2;36m                       [0m         batteryrunners.py:[1;36m268[0m -    [2m                     [0m
[2;36m                       [0m         pixdim[1m[[0m[1;36m0[0m[1m][0m [1m([0mqfac[1m)[0m should be [2m                     [0m
[2;36m                       [0m         [1;36m1[0m [1m([0mdefault[1m)[0m or [1;36m-1[0m; setting [2m                     [0m
[2;36m                       [0m         qfac to [1;36m1[0m                  [2m                     [0m
[2;36m2025-08-22 07:25:05 AM[0m[2;36m [0m[32mDEBUG   [0m [1;36m2025[0m-[1;36m08[0m-[1;36m22[0m [1;92m07:25:05[0m AM - DEBUG -     ]8;id=437519;file:///ceph/apps/ubuntu-20/packages/brainglobe/2024-03-01/lib/python3.10/site-packages/brainglobe_utils/image_io/load.py\[2mload.py[0m]8;;\[2m:[0m]8;id=51084;file:///ceph/apps/ubuntu-20/packages/brainglobe/2024-03-01/lib/python3.10/site-packages/brainglobe_utils/image_io/load.py#105\[2m105[0m]8;;\
[2;36m                       [0m         MainProcess load.py:[1;36m105[0m - Data type  [2m           [0m
[2;36m                       [0m         is: NifTI                            [2m           [0m
[2;36m                      [0m[2;36m [0m[34mINFO    [0m [1;36m2025[0m-[1;36m08[0m-[1;36m22[0m [1;92m07:25:05[0m AM -   ]8;id=587879;file:///ceph/apps/ubuntu-20/packages/brainglobe/2024-03-01/lib/python3.10/site-packages/nibabel/batteryrunners.py\[2mbatteryrunners.py[0m]8;;\[2m:[0m]8;id=333736;file:///ceph/apps/ubuntu-20/packages/brainglobe/2024-03-01/lib/python3.10/site-packages/nibabel/batteryrunners.py#268\[2m268[0m]8;;\
[2;36m                       [0m         INFO - MainProcess         [2m                     [0m
[2;36m                       [0m         batteryrunners.py:[1;36m268[0m -    [2m                     [0m
[2;36m                       [0m         pixdim[1m[[0m[1;36m0[0m[1m][0m [1m([0mqfac[1m)[0m should be [2m                     [0m
[2;36m                       [0m         [1;36m1[0m [1m([0mdefault[1m)[0m or [1;36m-1[0m; setting [2m                     [0m
[2;36m                       [0m         qfac to [1;36m1[0m                  [2m                     [0m
[2;36m2025-08-22 07:25:49 AM[0m[2;36m [0m[34mINFO    [0m [1;36m2025[0m-[1;36m08[0m-[1;36m22[0m [1;92m07:25:49[0m AM - INFO -       ]8;id=5916;file:///ceph/apps/ubuntu-20/packages/brainglobe/2024-03-01/lib/python3.10/site-packages/brainreg/core/backend/niftyreg/run.py\[2mrun.py[0m]8;;\[2m:[0m]8;id=666882;file:///ceph/apps/ubuntu-20/packages/brainglobe/2024-03-01/lib/python3.10/site-packages/brainreg/core/backend/niftyreg/run.py#175\[2m175[0m]8;;\
[2;36m                       [0m         MainProcess run.py:[1;36m175[0m - Saving       [2m          [0m
[2;36m                       [0m         additional downsampled images         [2m          [0m
[2;36m                      [0m[2;36m [0m[34mINFO    [0m [1;36m2025[0m-[1;36m08[0m-[1;36m22[0m [1;92m07:25:49[0m AM - INFO -       ]8;id=220026;file:///ceph/apps/ubuntu-20/packages/brainglobe/2024-03-01/lib/python3.10/site-packages/brainreg/core/backend/niftyreg/run.py\[2mrun.py[0m]8;;\[2m:[0m]8;id=732276;file:///ceph/apps/ubuntu-20/packages/brainglobe/2024-03-01/lib/python3.10/site-packages/brainreg/core/backend/niftyreg/run.py#177\[2m177[0m]8;;\
[2;36m                       [0m         MainProcess run.py:[1;36m177[0m - Processing:  [2m          [0m
[2;36m                       [0m         [1;36m2[0m                                     [2m          [0m
[2;36m                      [0m[2;36m [0m[32mDEBUG   [0m [1;36m2025[0m-[1;36m08[0m-[1;36m22[0m [1;92m07:25:49[0m AM - DEBUG -      ]8;id=947760;file:///ceph/apps/ubuntu-20/packages/brainglobe/2024-03-01/lib/python3.10/site-packages/brainglobe_utils/image_io/load.py\[2mload.py[0m]8;;\[2m:[0m]8;id=52918;file:///ceph/apps/ubuntu-20/packages/brainglobe/2024-03-01/lib/python3.10/site-packages/brainglobe_utils/image_io/load.py#69\[2m69[0m]8;;\
[2;36m                       [0m         MainProcess load.py:[1;36m69[0m - Data type    [2m          [0m
[2;36m                       [0m         is: directory of files                [2m          [0m
[2;36m                      [0m[2;36m [0m[32mDEBUG   [0m [1;36m2025[0m-[1;36m08[0m-[1;36m22[0m [1;92m07:25:49[0m AM - DEBUG -   ]8;id=175381;file:///ceph/apps/ubuntu-20/packages/brainglobe/2024-03-01/lib/python3.10/site-packages/brainglobe_utils/general/system.py\[2msystem.py[0m]8;;\[2m:[0m]8;id=785417;file:///ceph/apps/ubuntu-20/packages/brainglobe/2024-03-01/lib/python3.10/site-packages/brainglobe_utils/general/system.py#139\[2m139[0m]8;;\
[2;36m                       [0m         MainProcess system.py:[1;36m139[0m -        [2m             [0m
[2;36m                       [0m         Determining the maximum number of  [2m             [0m
[2;36m                       [0m         CPU cores to use                   [2m             [0m
[2;36m                      [0m[2;36m [0m[32mDEBUG   [0m [1;36m2025[0m-[1;36m08[0m-[1;36m22[0m [1;92m07:25:49[0m AM - DEBUG -   ]8;id=207454;file:///ceph/apps/ubuntu-20/packages/brainglobe/2024-03-01/lib/python3.10/site-packages/brainglobe_utils/general/system.py\[2msystem.py[0m]8;;\[2m:[0m]8;id=975599;file:///ceph/apps/ubuntu-20/packages/brainglobe/2024-03-01/lib/python3.10/site-packages/brainglobe_utils/general/system.py#144\[2m144[0m]8;;\
[2;36m                       [0m         MainProcess system.py:[1;36m144[0m - Number [2m             [0m
[2;36m                       [0m         of CPU cores available is: [1;36m4[0m       [2m             [0m
[2;36m                      [0m[2;36m [0m[32mDEBUG   [0m [1;36m2025[0m-[1;36m08[0m-[1;36m22[0m [1;92m07:25:49[0m AM - DEBUG -   ]8;id=583100;file:///ceph/apps/ubuntu-20/packages/brainglobe/2024-03-01/lib/python3.10/site-packages/brainglobe_utils/general/system.py\[2msystem.py[0m]8;;\[2m:[0m]8;id=952506;file:///ceph/apps/ubuntu-20/packages/brainglobe/2024-03-01/lib/python3.10/site-packages/brainglobe_utils/general/system.py#171\[2m171[0m]8;;\
[2;36m                       [0m         MainProcess system.py:[1;36m171[0m -        [2m             [0m
[2;36m                       [0m         Setting number of processes to: [1;36m4[0m  [2m             [0m
[2;36m2025-08-22 07:29:56 AM[0m[2;36m [0m[34mINFO    [0m [1;36m2025[0m-[1;36m08[0m-[1;36m22[0m [1;92m07:29:56[0m AM - INFO -       ]8;id=946133;file:///ceph/apps/ubuntu-20/packages/brainglobe/2024-03-01/lib/python3.10/site-packages/brainreg/core/backend/niftyreg/run.py\[2mrun.py[0m]8;;\[2m:[0m]8;id=136545;file:///ceph/apps/ubuntu-20/packages/brainglobe/2024-03-01/lib/python3.10/site-packages/brainreg/core/backend/niftyreg/run.py#222\[2m222[0m]8;;\
[2;36m                       [0m         MainProcess run.py:[1;36m222[0m - Transforming [2m          [0m
[2;36m                       [0m         to standard space                     [2m          [0m
[2;36m2025-08-22 07:31:05 AM[0m[2;36m [0m[32mDEBUG   [0m [1;36m2025[0m-[1;36m08[0m-[1;36m22[0m [1;92m07:31:05[0m AM - DEBUG -     ]8;id=875131;file:///ceph/apps/ubuntu-20/packages/brainglobe/2024-03-01/lib/python3.10/site-packages/brainglobe_utils/image_io/load.py\[2mload.py[0m]8;;\[2m:[0m]8;id=646802;file:///ceph/apps/ubuntu-20/packages/brainglobe/2024-03-01/lib/python3.10/site-packages/brainglobe_utils/image_io/load.py#105\[2m105[0m]8;;\
[2;36m                       [0m         MainProcess load.py:[1;36m105[0m - Data type  [2m           [0m
[2;36m                       [0m         is: NifTI                            [2m           [0m
[2;36m                      [0m[2;36m [0m[34mINFO    [0m [1;36m2025[0m-[1;36m08[0m-[1;36m22[0m [1;92m07:31:05[0m AM -   ]8;id=870171;file:///ceph/apps/ubuntu-20/packages/brainglobe/2024-03-01/lib/python3.10/site-packages/nibabel/batteryrunners.py\[2mbatteryrunners.py[0m]8;;\[2m:[0m]8;id=274590;file:///ceph/apps/ubuntu-20/packages/brainglobe/2024-03-01/lib/python3.10/site-packages/nibabel/batteryrunners.py#268\[2m268[0m]8;;\
[2;36m                       [0m         INFO - MainProcess         [2m                     [0m
[2;36m                       [0m         batteryrunners.py:[1;36m268[0m -    [2m                     [0m
[2;36m                       [0m         pixdim[1m[[0m[1;36m0[0m[1m][0m [1m([0mqfac[1m)[0m should be [2m                     [0m
[2;36m                       [0m         [1;36m1[0m [1m([0mdefault[1m)[0m or [1;36m-1[0m; setting [2m                     [0m
[2;36m                       [0m         qfac to [1;36m1[0m                  [2m                     [0m
[2;36m2025-08-22 07:31:41 AM[0m[2;36m [0m[34mINFO    [0m [1;36m2025[0m-[1;36m08[0m-[1;36m22[0m [1;92m07:31:41[0m AM - INFO -       ]8;id=48751;file:///ceph/apps/ubuntu-20/packages/brainglobe/2024-03-01/lib/python3.10/site-packages/brainreg/core/main.py\[2mmain.py[0m]8;;\[2m:[0m]8;id=253568;file:///ceph/apps/ubuntu-20/packages/brainglobe/2024-03-01/lib/python3.10/site-packages/brainreg/core/main.py#95\[2m95[0m]8;;\
[2;36m                       [0m         MainProcess main.py:[1;36m95[0m - Calculating  [2m          [0m
[2;36m                       [0m         volumes of each brain area            [2m          [0m
[2;36m                      [0m[2;36m [0m[32mDEBUG   [0m [1;36m2025[0m-[1;36m08[0m-[1;36m22[0m [1;92m07:31:41[0m AM - DEBUG -      ]8;id=221910;file:///ceph/apps/ubuntu-20/packages/brainglobe/2024-03-01/lib/python3.10/site-packages/brainglobe_utils/image_io/load.py\[2mload.py[0m]8;;\[2m:[0m]8;id=974434;file:///ceph/apps/ubuntu-20/packages/brainglobe/2024-03-01/lib/python3.10/site-packages/brainglobe_utils/image_io/load.py#93\[2m93[0m]8;;\
[2;36m                       [0m         MainProcess load.py:[1;36m93[0m - Data type    [2m          [0m
[2;36m                       [0m         is: tif stack                         [2m          [0m
[2;36m                      [0m[2;36m [0m[32mDEBUG   [0m [1;36m2025[0m-[1;36m08[0m-[1;36m22[0m [1;92m07:31:41[0m AM - DEBUG -     ]8;id=607448;file:///ceph/apps/ubuntu-20/packages/brainglobe/2024-03-01/lib/python3.10/site-packages/brainglobe_utils/image_io/load.py\[2mload.py[0m]8;;\[2m:[0m]8;id=547755;file:///ceph/apps/ubuntu-20/packages/brainglobe/2024-03-01/lib/python3.10/site-packages/brainglobe_utils/image_io/load.py#152\[2m152[0m]8;;\
[2;36m                       [0m         MainProcess load.py:[1;36m152[0m - Loading:   [2m           [0m
[2;36m                       [0m         ..[35m/data/preprocessed_data/brainreg/a[0m [2m           [0m
[2;36m                       [0m         [35mh08/allen_mouse_10um/[0m[95mregistered_atla[0m [2m           [0m
[2;36m                       [0m         [95ms.tiff[0m                               [2m           [0m
[2;36m2025-08-22 07:32:14 AM[0m[2;36m [0m[32mDEBUG   [0m [1;36m2025[0m-[1;36m08[0m-[1;36m22[0m [1;92m07:32:14[0m AM - DEBUG -      ]8;id=138425;file:///ceph/apps/ubuntu-20/packages/brainglobe/2024-03-01/lib/python3.10/site-packages/brainglobe_utils/image_io/load.py\[2mload.py[0m]8;;\[2m:[0m]8;id=37157;file:///ceph/apps/ubuntu-20/packages/brainglobe/2024-03-01/lib/python3.10/site-packages/brainglobe_utils/image_io/load.py#93\[2m93[0m]8;;\
[2;36m                       [0m         MainProcess load.py:[1;36m93[0m - Data type    [2m          [0m
[2;36m                       [0m         is: tif stack                         [2m          [0m
[2;36m                      [0m[2;36m [0m[32mDEBUG   [0m [1;36m2025[0m-[1;36m08[0m-[1;36m22[0m [1;92m07:32:14[0m AM - DEBUG -     ]8;id=733939;file:///ceph/apps/ubuntu-20/packages/brainglobe/2024-03-01/lib/python3.10/site-packages/brainglobe_utils/image_io/load.py\[2mload.py[0m]8;;\[2m:[0m]8;id=75442;file:///ceph/apps/ubuntu-20/packages/brainglobe/2024-03-01/lib/python3.10/site-packages/brainglobe_utils/image_io/load.py#152\[2m152[0m]8;;\
[2;36m                       [0m         MainProcess load.py:[1;36m152[0m - Loading:   [2m           [0m
[2;36m                       [0m         ..[35m/data/preprocessed_data/brainreg/a[0m [2m           [0m
[2;36m                       [0m         [35mh08/allen_mouse_10um/[0m[95mregistered_hemi[0m [2m           [0m
[2;36m                       [0m         [95mspheres.tiff[0m                         [2m           [0m
[2;36m2025-08-22 07:32:41 AM[0m[2;36m [0m[31mWARNING [0m [1;36m2025[0m-[1;36m08[0m-[1;36m22[0m [1;92m07:32:41[0m AM - WARNING -  ]8;id=774496;file:///ceph/apps/ubuntu-20/packages/brainglobe/2024-03-01/lib/python3.10/site-packages/brainreg/core/utils/volume.py\[2mvolume.py[0m]8;;\[2m:[0m]8;id=572379;file:///ceph/apps/ubuntu-20/packages/brainglobe/2024-03-01/lib/python3.10/site-packages/brainreg/core/utils/volume.py#90\[2m90[0m]8;;\
[2;36m                       [0m         MainProcess volume.py:[1;36m90[0m - Atlas    [2m            [0m
[2;36m                       [0m         value: [1;36m448[0m not found in registered  [2m            [0m
[2;36m                       [0m         atlas. Setting registered volume to [2m            [0m
[2;36m                       [0m         [1;36m0[0m.                                  [2m            [0m
[2;36m                      [0m[2;36m [0m[31mWARNING [0m [1;36m2025[0m-[1;36m08[0m-[1;36m22[0m [1;92m07:32:41[0m AM - WARNING -  ]8;id=859392;file:///ceph/apps/ubuntu-20/packages/brainglobe/2024-03-01/lib/python3.10/site-packages/brainreg/core/utils/volume.py\[2mvolume.py[0m]8;;\[2m:[0m]8;id=953150;file:///ceph/apps/ubuntu-20/packages/brainglobe/2024-03-01/lib/python3.10/site-packages/brainreg/core/utils/volume.py#90\[2m90[0m]8;;\
[2;36m                       [0m         MainProcess volume.py:[1;36m90[0m - Atlas    [2m            [0m
[2;36m                       [0m         value: [1;36m545[0m not found in registered  [2m            [0m
[2;36m                       [0m         atlas. Setting registered volume to [2m            [0m
[2;36m                       [0m         [1;36m0[0m.                                  [2m            [0m
[2;36m                      [0m[2;36m [0m[31mWARNING [0m [1;36m2025[0m-[1;36m08[0m-[1;36m22[0m [1;92m07:32:41[0m AM - WARNING -  ]8;id=206230;file:///ceph/apps/ubuntu-20/packages/brainglobe/2024-03-01/lib/python3.10/site-packages/brainreg/core/utils/volume.py\[2mvolume.py[0m]8;;\[2m:[0m]8;id=683615;file:///ceph/apps/ubuntu-20/packages/brainglobe/2024-03-01/lib/python3.10/site-packages/brainreg/core/utils/volume.py#90\[2m90[0m]8;;\
[2;36m                       [0m         MainProcess volume.py:[1;36m90[0m - Atlas    [2m            [0m
[2;36m                       [0m         value: [1;36m969[0m not found in registered  [2m            [0m
[2;36m                       [0m         atlas. Setting registered volume to [2m            [0m
[2;36m                       [0m         [1;36m0[0m.                                  [2m            [0m
[2;36m                      [0m[2;36m [0m[31mWARNING [0m [1;36m2025[0m-[1;36m08[0m-[1;36m22[0m [1;92m07:32:41[0m AM - WARNING -  ]8;id=847741;file:///ceph/apps/ubuntu-20/packages/brainglobe/2024-03-01/lib/python3.10/site-packages/brainreg/core/utils/volume.py\[2mvolume.py[0m]8;;\[2m:[0m]8;id=797536;file:///ceph/apps/ubuntu-20/packages/brainglobe/2024-03-01/lib/python3.10/site-packages/brainreg/core/utils/volume.py#90\[2m90[0m]8;;\
[2;36m                       [0m         MainProcess volume.py:[1;36m90[0m - Atlas    [2m            [0m
[2;36m                       [0m         value: [1;36m526157196[0m not found in       [2m            [0m
[2;36m                       [0m         registered atlas. Setting           [2m            [0m
[2;36m                       [0m         registered volume to [1;36m0[0m.             [2m            [0m
[2;36m2025-08-22 07:32:42 AM[0m[2;36m [0m[34mINFO    [0m [1;36m2025[0m-[1;36m08[0m-[1;36m22[0m [1;92m07:32:42[0m AM - INFO -      ]8;id=232985;file:///ceph/apps/ubuntu-20/packages/brainglobe/2024-03-01/lib/python3.10/site-packages/brainreg/core/main.py\[2mmain.py[0m]8;;\[2m:[0m]8;id=21132;file:///ceph/apps/ubuntu-20/packages/brainglobe/2024-03-01/lib/python3.10/site-packages/brainreg/core/main.py#107\[2m107[0m]8;;\
[2;36m                       [0m         MainProcess main.py:[1;36m107[0m - Generating [2m           [0m
[2;36m                       [0m         boundary image                       [2m           [0m
[2;36m                      [0m[2;36m [0m[32mDEBUG   [0m [1;36m2025[0m-[1;36m08[0m-[1;36m22[0m [1;92m07:32:42[0m AM - DEBUG -      ]8;id=591529;file:///ceph/apps/ubuntu-20/packages/brainglobe/2024-03-01/lib/python3.10/site-packages/brainglobe_utils/image_io/load.py\[2mload.py[0m]8;;\[2m:[0m]8;id=945313;file:///ceph/apps/ubuntu-20/packages/brainglobe/2024-03-01/lib/python3.10/site-packages/brainglobe_utils/image_io/load.py#93\[2m93[0m]8;;\
[2;36m                       [0m         MainProcess load.py:[1;36m93[0m - Data type    [2m          [0m
[2;36m                       [0m         is: tif stack                         [2m          [0m
[2;36m                      [0m[2;36m [0m[32mDEBUG   [0m [1;36m2025[0m-[1;36m08[0m-[1;36m22[0m [1;92m07:32:42[0m AM - DEBUG -     ]8;id=546206;file:///ceph/apps/ubuntu-20/packages/brainglobe/2024-03-01/lib/python3.10/site-packages/brainglobe_utils/image_io/load.py\[2mload.py[0m]8;;\[2m:[0m]8;id=687172;file:///ceph/apps/ubuntu-20/packages/brainglobe/2024-03-01/lib/python3.10/site-packages/brainglobe_utils/image_io/load.py#152\[2m152[0m]8;;\
[2;36m                       [0m         MainProcess load.py:[1;36m152[0m - Loading:   [2m           [0m
[2;36m                       [0m         ..[35m/data/preprocessed_data/brainreg/a[0m [2m           [0m
[2;36m                       [0m         [35mh08/allen_mouse_10um/[0m[95mregistered_atla[0m [2m           [0m
[2;36m                       [0m         [95ms.tiff[0m                               [2m           [0m
[2;36m2025-08-22 07:33:03 AM[0m[2;36m [0m[32mDEBUG   [0m [1;36m2025[0m-[1;36m08[0m-[1;36m22[0m [1;92m07:33:03[0m AM - DEBUG  ]8;id=930184;file:///ceph/apps/ubuntu-20/packages/brainglobe/2024-03-01/lib/python3.10/site-packages/brainreg/core/utils/boundaries.py\[2mboundaries.py[0m]8;;\[2m:[0m]8;id=394176;file:///ceph/apps/ubuntu-20/packages/brainglobe/2024-03-01/lib/python3.10/site-packages/brainreg/core/utils/boundaries.py#21\[2m21[0m]8;;\
[2;36m                       [0m         - MainProcess boundaries.py:[1;36m21[0m  [2m                [0m
[2;36m                       [0m         - Saving segmentation boundary  [2m                [0m
[2;36m                       [0m         image                           [2m                [0m
[2;36m2025-08-22 07:33:04 AM[0m[2;36m [0m[34mINFO    [0m [1;36m2025[0m-[1;36m08[0m-[1;36m22[0m [1;92m07:33:04[0m AM - INFO -      ]8;id=372011;file:///ceph/apps/ubuntu-20/packages/brainglobe/2024-03-01/lib/python3.10/site-packages/brainreg/core/main.py\[2mmain.py[0m]8;;\[2m:[0m]8;id=294554;file:///ceph/apps/ubuntu-20/packages/brainglobe/2024-03-01/lib/python3.10/site-packages/brainreg/core/main.py#110\[2m110[0m]8;;\
[2;36m                       [0m         MainProcess main.py:[1;36m110[0m - brainreg   [2m           [0m
[2;36m                       [0m         completed. Results can be found      [2m           [0m
[2;36m                       [0m         here:                                [2m           [0m
[2;36m                       [0m         ..[35m/data/preprocessed_data/brainreg/a[0m [2m           [0m
[2;36m                       [0m         [35mh08/[0m[95mallen_mouse_10um[0m                 [2m           [0m
[2;36m                      [0m[2;36m [0m[34mINFO    [0m [1;36m2025[0m-[1;36m08[0m-[1;36m22[0m [1;92m07:33:04[0m AM - INFO -       ]8;id=203348;file:///ceph/apps/ubuntu-20/packages/brainglobe/2024-03-01/lib/python3.10/site-packages/brainreg/core/cli.py\[2mcli.py[0m]8;;\[2m:[0m]8;id=599500;file:///ceph/apps/ubuntu-20/packages/brainglobe/2024-03-01/lib/python3.10/site-packages/brainreg/core/cli.py#251\[2m251[0m]8;;\
[2;36m                       [0m         MainProcess cli.py:[1;36m251[0m - Finished.    [2m          [0m
[2;36m                       [0m         Total time taken: [1;92m1:15:01[0m.[1;36m629514[0m      [2m          [0m
