gpu-350-04
Loading Brainglobe module
Fri Aug 22 06:17:01 2025       
+-----------------------------------------------------------------------------------------+
| NVIDIA-SMI 560.35.05              Driver Version: 560.35.05      CUDA Version: 12.6     |
|-----------------------------------------+------------------------+----------------------+
| GPU  Name                 Persistence-M | Bus-Id          Disp.A | Volatile Uncorr. ECC |
| Fan  Temp   Perf          Pwr:Usage/Cap |           Memory-Usage | GPU-Util  Compute M. |
|                                         |                        |               MIG M. |
|=========================================+========================+======================|
|   0  NVIDIA RTX A4500               Off |   00000000:84:00.0 Off |                  Off |
| 30%   32C    P8             15W /  200W |       2MiB /  20470MiB |      0%      Default |
|                                         |                        |                  N/A |
+-----------------------------------------+------------------------+----------------------+
                                                                                         
+-----------------------------------------------------------------------------------------+
| Processes:                                                                              |
|  GPU   GI   CI        PID   Type   Process name                              GPU Memory |
|        ID   ID                                                               Usage      |
|=========================================================================================|
|  No running processes found                                                             |
+-----------------------------------------------------------------------------------------+
Running brainreg
[2;36m2025-08-22 06:17:09 AM[0m[2;36m [0m[34mINFO    [0m [1;36m2025[0m-[1;36m08[0m-[1;36m22[0m [1;92m06:17:09[0m AM - INFO -  ]8;id=394307;file:///ceph/apps/ubuntu-20/packages/brainglobe/2024-03-01/lib/python3.10/site-packages/fancylog/fancylog.py\[2mfancylog.py[0m]8;;\[2m:[0m]8;id=106820;file:///ceph/apps/ubuntu-20/packages/brainglobe/2024-03-01/lib/python3.10/site-packages/fancylog/fancylog.py#321\[2m321[0m]8;;\
[2;36m                       [0m         MainProcess fancylog.py:[1;36m321[0m -    [2m               [0m
[2;36m                       [0m         Starting logging                 [2m               [0m
[2;36m                      [0m[2;36m [0m[34mINFO    [0m [1;36m2025[0m-[1;36m08[0m-[1;36m22[0m [1;92m06:17:09[0m AM - INFO -  ]8;id=11051;file:///ceph/apps/ubuntu-20/packages/brainglobe/2024-03-01/lib/python3.10/site-packages/fancylog/fancylog.py\[2mfancylog.py[0m]8;;\[2m:[0m]8;id=265008;file:///ceph/apps/ubuntu-20/packages/brainglobe/2024-03-01/lib/python3.10/site-packages/fancylog/fancylog.py#322\[2m322[0m]8;;\
[2;36m                       [0m         MainProcess fancylog.py:[1;36m322[0m -    [2m               [0m
[2;36m                       [0m         Not logging multiple processes   [2m               [0m
[2;36m                      [0m[2;36m [0m[34mINFO    [0m [1;36m2025[0m-[1;36m08[0m-[1;36m22[0m [1;92m06:17:09[0m AM - INFO -       ]8;id=950180;file:///ceph/apps/ubuntu-20/packages/brainglobe/2024-03-01/lib/python3.10/site-packages/brainreg/core/cli.py\[2mcli.py[0m]8;;\[2m:[0m]8;id=787761;file:///ceph/apps/ubuntu-20/packages/brainglobe/2024-03-01/lib/python3.10/site-packages/brainreg/core/cli.py#232\[2m232[0m]8;;\
[2;36m                       [0m         MainProcess cli.py:[1;36m232[0m - Starting     [2m          [0m
[2;36m                       [0m         registration                          [2m          [0m
[2;36m2025-08-22 06:17:10 AM[0m[2;36m [0m[32mDEBUG   [0m [1;36m2025[0m-[1;36m08[0m-[1;36m22[0m [1;92m06:17:10[0m AM - DEBUG -   ]8;id=828118;file:///ceph/apps/ubuntu-20/packages/brainglobe/2024-03-01/lib/python3.10/site-packages/brainglobe_utils/general/system.py\[2msystem.py[0m]8;;\[2m:[0m]8;id=817353;file:///ceph/apps/ubuntu-20/packages/brainglobe/2024-03-01/lib/python3.10/site-packages/brainglobe_utils/general/system.py#139\[2m139[0m]8;;\
[2;36m                       [0m         MainProcess system.py:[1;36m139[0m -        [2m             [0m
[2;36m                       [0m         Determining the maximum number of  [2m             [0m
[2;36m                       [0m         CPU cores to use                   [2m             [0m
[2;36m                      [0m[2;36m [0m[32mDEBUG   [0m [1;36m2025[0m-[1;36m08[0m-[1;36m22[0m [1;92m06:17:10[0m AM - DEBUG -   ]8;id=493083;file:///ceph/apps/ubuntu-20/packages/brainglobe/2024-03-01/lib/python3.10/site-packages/brainglobe_utils/general/system.py\[2msystem.py[0m]8;;\[2m:[0m]8;id=205454;file:///ceph/apps/ubuntu-20/packages/brainglobe/2024-03-01/lib/python3.10/site-packages/brainglobe_utils/general/system.py#144\[2m144[0m]8;;\
[2;36m                       [0m         MainProcess system.py:[1;36m144[0m - Number [2m             [0m
[2;36m                       [0m         of CPU cores available is: [1;36m4[0m       [2m             [0m
[2;36m                      [0m[2;36m [0m[32mDEBUG   [0m [1;36m2025[0m-[1;36m08[0m-[1;36m22[0m [1;92m06:17:10[0m AM - DEBUG -   ]8;id=25845;file:///ceph/apps/ubuntu-20/packages/brainglobe/2024-03-01/lib/python3.10/site-packages/brainglobe_utils/general/system.py\[2msystem.py[0m]8;;\[2m:[0m]8;id=5032;file:///ceph/apps/ubuntu-20/packages/brainglobe/2024-03-01/lib/python3.10/site-packages/brainglobe_utils/general/system.py#171\[2m171[0m]8;;\
[2;36m                       [0m         MainProcess system.py:[1;36m171[0m -        [2m             [0m
[2;36m                       [0m         Setting number of processes to: [1;36m4[0m  [2m             [0m
[2;36m                      [0m[2;36m [0m[34mINFO    [0m [1;36m2025[0m-[1;36m08[0m-[1;36m22[0m [1;92m06:17:10[0m AM - INFO -       ]8;id=260352;file:///ceph/apps/ubuntu-20/packages/brainglobe/2024-03-01/lib/python3.10/site-packages/brainreg/core/main.py\[2mmain.py[0m]8;;\[2m:[0m]8;id=458837;file:///ceph/apps/ubuntu-20/packages/brainglobe/2024-03-01/lib/python3.10/site-packages/brainreg/core/main.py#55\[2m55[0m]8;;\
[2;36m                       [0m         MainProcess main.py:[1;36m55[0m - Loading raw  [2m          [0m
[2;36m                       [0m         image data                            [2m          [0m
[2;36m                      [0m[2;36m [0m[32mDEBUG   [0m [1;36m2025[0m-[1;36m08[0m-[1;36m22[0m [1;92m06:17:10[0m AM - DEBUG -      ]8;id=786294;file:///ceph/apps/ubuntu-20/packages/brainglobe/2024-03-01/lib/python3.10/site-packages/brainglobe_utils/image_io/load.py\[2mload.py[0m]8;;\[2m:[0m]8;id=585065;file:///ceph/apps/ubuntu-20/packages/brainglobe/2024-03-01/lib/python3.10/site-packages/brainglobe_utils/image_io/load.py#69\[2m69[0m]8;;\
[2;36m                       [0m         MainProcess load.py:[1;36m69[0m - Data type    [2m          [0m
[2;36m                       [0m         is: directory of files                [2m          [0m
[2;36m                      [0m[2;36m [0m[32mDEBUG   [0m [1;36m2025[0m-[1;36m08[0m-[1;36m22[0m [1;92m06:17:10[0m AM - DEBUG -   ]8;id=717068;file:///ceph/apps/ubuntu-20/packages/brainglobe/2024-03-01/lib/python3.10/site-packages/brainglobe_utils/general/system.py\[2msystem.py[0m]8;;\[2m:[0m]8;id=103261;file:///ceph/apps/ubuntu-20/packages/brainglobe/2024-03-01/lib/python3.10/site-packages/brainglobe_utils/general/system.py#139\[2m139[0m]8;;\
[2;36m                       [0m         MainProcess system.py:[1;36m139[0m -        [2m             [0m
[2;36m                       [0m         Determining the maximum number of  [2m             [0m
[2;36m                       [0m         CPU cores to use                   [2m             [0m
[2;36m                      [0m[2;36m [0m[32mDEBUG   [0m [1;36m2025[0m-[1;36m08[0m-[1;36m22[0m [1;92m06:17:10[0m AM - DEBUG -   ]8;id=319289;file:///ceph/apps/ubuntu-20/packages/brainglobe/2024-03-01/lib/python3.10/site-packages/brainglobe_utils/general/system.py\[2msystem.py[0m]8;;\[2m:[0m]8;id=873758;file:///ceph/apps/ubuntu-20/packages/brainglobe/2024-03-01/lib/python3.10/site-packages/brainglobe_utils/general/system.py#144\[2m144[0m]8;;\
[2;36m                       [0m         MainProcess system.py:[1;36m144[0m - Number [2m             [0m
[2;36m                       [0m         of CPU cores available is: [1;36m4[0m       [2m             [0m
[2;36m                      [0m[2;36m [0m[32mDEBUG   [0m [1;36m2025[0m-[1;36m08[0m-[1;36m22[0m [1;92m06:17:10[0m AM - DEBUG -   ]8;id=734373;file:///ceph/apps/ubuntu-20/packages/brainglobe/2024-03-01/lib/python3.10/site-packages/brainglobe_utils/general/system.py\[2msystem.py[0m]8;;\[2m:[0m]8;id=866663;file:///ceph/apps/ubuntu-20/packages/brainglobe/2024-03-01/lib/python3.10/site-packages/brainglobe_utils/general/system.py#171\[2m171[0m]8;;\
[2;36m                       [0m         MainProcess system.py:[1;36m171[0m -        [2m             [0m
[2;36m                       [0m         Setting number of processes to: [1;36m4[0m  [2m             [0m
[2;36m2025-08-22 06:38:27 AM[0m[2;36m [0m[34mINFO    [0m [1;36m2025[0m-[1;36m08[0m-[1;36m22[0m [1;92m06:38:27[0m AM - INFO -        ]8;id=189690;file:///ceph/apps/ubuntu-20/packages/brainglobe/2024-03-01/lib/python3.10/site-packages/brainreg/core/backend/niftyreg/run.py\[2mrun.py[0m]8;;\[2m:[0m]8;id=604219;file:///ceph/apps/ubuntu-20/packages/brainglobe/2024-03-01/lib/python3.10/site-packages/brainreg/core/backend/niftyreg/run.py#85\[2m85[0m]8;;\
[2;36m                       [0m         MainProcess run.py:[1;36m85[0m - Registering    [2m         [0m
[2;36m                      [0m[2;36m [0m[34mINFO    [0m [1;36m2025[0m-[1;36m08[0m-[1;36m22[0m [1;92m06:38:27[0m AM - INFO -       ]8;id=5092;file:///ceph/apps/ubuntu-20/packages/brainglobe/2024-03-01/lib/python3.10/site-packages/brainreg/core/backend/niftyreg/run.py\[2mrun.py[0m]8;;\[2m:[0m]8;id=819487;file:///ceph/apps/ubuntu-20/packages/brainglobe/2024-03-01/lib/python3.10/site-packages/brainreg/core/backend/niftyreg/run.py#103\[2m103[0m]8;;\
[2;36m                       [0m         MainProcess run.py:[1;36m103[0m - Starting     [2m          [0m
[2;36m                       [0m         affine registration                   [2m          [0m
[2;36m2025-08-22 07:22:20 AM[0m[2;36m [0m[34mINFO    [0m [1;36m2025[0m-[1;36m08[0m-[1;36m22[0m [1;92m07:22:20[0m AM - INFO -       ]8;id=747235;file:///ceph/apps/ubuntu-20/packages/brainglobe/2024-03-01/lib/python3.10/site-packages/brainreg/core/backend/niftyreg/run.py\[2mrun.py[0m]8;;\[2m:[0m]8;id=243591;file:///ceph/apps/ubuntu-20/packages/brainglobe/2024-03-01/lib/python3.10/site-packages/brainreg/core/backend/niftyreg/run.py#106\[2m106[0m]8;;\
[2;36m                       [0m         MainProcess run.py:[1;36m106[0m - Starting     [2m          [0m
[2;36m                       [0m         freeform registration                 [2m          [0m
[2;36m2025-08-22 07:29:18 AM[0m[2;36m [0m[34mINFO    [0m [1;36m2025[0m-[1;36m08[0m-[1;36m22[0m [1;92m07:29:18[0m AM - INFO -       ]8;id=704838;file:///ceph/apps/ubuntu-20/packages/brainglobe/2024-03-01/lib/python3.10/site-packages/brainreg/core/backend/niftyreg/run.py\[2mrun.py[0m]8;;\[2m:[0m]8;id=258582;file:///ceph/apps/ubuntu-20/packages/brainglobe/2024-03-01/lib/python3.10/site-packages/brainreg/core/backend/niftyreg/run.py#109\[2m109[0m]8;;\
[2;36m                       [0m         MainProcess run.py:[1;36m109[0m - Starting     [2m          [0m
[2;36m                       [0m         segmentation                          [2m          [0m
[2;36m2025-08-22 07:29:57 AM[0m[2;36m [0m[34mINFO    [0m [1;36m2025[0m-[1;36m08[0m-[1;36m22[0m [1;92m07:29:57[0m AM - INFO -       ]8;id=286109;file:///ceph/apps/ubuntu-20/packages/brainglobe/2024-03-01/lib/python3.10/site-packages/brainreg/core/backend/niftyreg/run.py\[2mrun.py[0m]8;;\[2m:[0m]8;id=371990;file:///ceph/apps/ubuntu-20/packages/brainglobe/2024-03-01/lib/python3.10/site-packages/brainreg/core/backend/niftyreg/run.py#112\[2m112[0m]8;;\
[2;36m                       [0m         MainProcess run.py:[1;36m112[0m - Segmenting   [2m          [0m
[2;36m                       [0m         hemispheres                           [2m          [0m
[2;36m2025-08-22 07:30:31 AM[0m[2;36m [0m[34mINFO    [0m [1;36m2025[0m-[1;36m08[0m-[1;36m22[0m [1;92m07:30:31[0m AM - INFO -       ]8;id=929931;file:///ceph/apps/ubuntu-20/packages/brainglobe/2024-03-01/lib/python3.10/site-packages/brainreg/core/backend/niftyreg/run.py\[2mrun.py[0m]8;;\[2m:[0m]8;id=358768;file:///ceph/apps/ubuntu-20/packages/brainglobe/2024-03-01/lib/python3.10/site-packages/brainreg/core/backend/niftyreg/run.py#115\[2m115[0m]8;;\
[2;36m                       [0m         MainProcess run.py:[1;36m115[0m - Generating   [2m          [0m
[2;36m                       [0m         inverse [1m([0msample to atlas[1m)[0m transforms  [2m          [0m
[2;36m                      [0m[2;36m [0m[32mDEBUG   [0m [1;36m2025[0m-[1;36m08[0m-[1;36m22[0m [1;92m07:30:31[0m AM -     ]8;id=756519;file:///ceph/apps/ubuntu-20/packages/brainglobe/2024-03-01/lib/python3.10/site-packages/brainreg/core/backend/niftyreg/registration.py\[2mregistration.py[0m]8;;\[2m:[0m]8;id=791131;file:///ceph/apps/ubuntu-20/packages/brainglobe/2024-03-01/lib/python3.10/site-packages/brainreg/core/backend/niftyreg/registration.py#133\[2m133[0m]8;;\
[2;36m                       [0m         DEBUG - MainProcess          [2m                   [0m
[2;36m                       [0m         registration.py:[1;36m133[0m -        [2m                   [0m
[2;36m                       [0m         Generating inverse affine    [2m                   [0m
[2;36m                       [0m         transform                    [2m                   [0m
[2;36m2025-08-22 07:30:32 AM[0m[2;36m [0m[32mDEBUG   [0m [1;36m2025[0m-[1;36m08[0m-[1;36m22[0m [1;92m07:30:32[0m AM -     ]8;id=340209;file:///ceph/apps/ubuntu-20/packages/brainglobe/2024-03-01/lib/python3.10/site-packages/brainreg/core/backend/niftyreg/registration.py\[2mregistration.py[0m]8;;\[2m:[0m]8;id=237210;file:///ceph/apps/ubuntu-20/packages/brainglobe/2024-03-01/lib/python3.10/site-packages/brainreg/core/backend/niftyreg/registration.py#172\[2m172[0m]8;;\
[2;36m                       [0m         DEBUG - MainProcess          [2m                   [0m
[2;36m                       [0m         registration.py:[1;36m172[0m -        [2m                   [0m
[2;36m                       [0m         Registering sample to atlas  [2m                   [0m
[2;36m2025-08-22 07:39:35 AM[0m[2;36m [0m[34mINFO    [0m [1;36m2025[0m-[1;36m08[0m-[1;36m22[0m [1;92m07:39:35[0m AM - INFO -       ]8;id=792537;file:///ceph/apps/ubuntu-20/packages/brainglobe/2024-03-01/lib/python3.10/site-packages/brainreg/core/backend/niftyreg/run.py\[2mrun.py[0m]8;;\[2m:[0m]8;id=254139;file:///ceph/apps/ubuntu-20/packages/brainglobe/2024-03-01/lib/python3.10/site-packages/brainreg/core/backend/niftyreg/run.py#118\[2m118[0m]8;;\
[2;36m                       [0m         MainProcess run.py:[1;36m118[0m - Transforming [2m          [0m
[2;36m                       [0m         image to standard space               [2m          [0m
[2;36m2025-08-22 07:40:29 AM[0m[2;36m [0m[34mINFO    [0m [1;36m2025[0m-[1;36m08[0m-[1;36m22[0m [1;92m07:40:29[0m AM - INFO -       ]8;id=79766;file:///ceph/apps/ubuntu-20/packages/brainglobe/2024-03-01/lib/python3.10/site-packages/brainreg/core/backend/niftyreg/run.py\[2mrun.py[0m]8;;\[2m:[0m]8;id=405638;file:///ceph/apps/ubuntu-20/packages/brainglobe/2024-03-01/lib/python3.10/site-packages/brainreg/core/backend/niftyreg/run.py#124\[2m124[0m]8;;\
[2;36m                       [0m         MainProcess run.py:[1;36m124[0m - Generating   [2m          [0m
[2;36m                       [0m         deformation field                     [2m          [0m
[2;36m                      [0m[2;36m [0m[34mINFO    [0m [1;36m2025[0m-[1;36m08[0m-[1;36m22[0m [1;92m07:40:29[0m AM -     ]8;id=834776;file:///ceph/apps/ubuntu-20/packages/brainglobe/2024-03-01/lib/python3.10/site-packages/brainreg/core/backend/niftyreg/registration.py\[2mregistration.py[0m]8;;\[2m:[0m]8;id=957124;file:///ceph/apps/ubuntu-20/packages/brainglobe/2024-03-01/lib/python3.10/site-packages/brainreg/core/backend/niftyreg/registration.py#280\[2m280[0m]8;;\
[2;36m                       [0m         INFO - MainProcess           [2m                   [0m
[2;36m                       [0m         registration.py:[1;36m280[0m -        [2m                   [0m
[2;36m                       [0m         Generating deformation field [2m                   [0m
[2;36m2025-08-22 07:41:02 AM[0m[2;36m [0m[34mINFO    [0m [1;36m2025[0m-[1;36m08[0m-[1;36m22[0m [1;92m07:41:02[0m AM - INFO -       ]8;id=155410;file:///ceph/apps/ubuntu-20/packages/brainglobe/2024-03-01/lib/python3.10/site-packages/brainreg/core/backend/niftyreg/run.py\[2mrun.py[0m]8;;\[2m:[0m]8;id=90968;file:///ceph/apps/ubuntu-20/packages/brainglobe/2024-03-01/lib/python3.10/site-packages/brainreg/core/backend/niftyreg/run.py#127\[2m127[0m]8;;\
[2;36m                       [0m         MainProcess run.py:[1;36m127[0m - Exporting    [2m          [0m
[2;36m                       [0m         images as tiff                        [2m          [0m
[2;36m                      [0m[2;36m [0m[32mDEBUG   [0m [1;36m2025[0m-[1;36m08[0m-[1;36m22[0m [1;92m07:41:02[0m AM - DEBUG -     ]8;id=516581;file:///ceph/apps/ubuntu-20/packages/brainglobe/2024-03-01/lib/python3.10/site-packages/brainglobe_utils/image_io/load.py\[2mload.py[0m]8;;\[2m:[0m]8;id=2613;file:///ceph/apps/ubuntu-20/packages/brainglobe/2024-03-01/lib/python3.10/site-packages/brainglobe_utils/image_io/load.py#105\[2m105[0m]8;;\
[2;36m                       [0m         MainProcess load.py:[1;36m105[0m - Data type  [2m           [0m
[2;36m                       [0m         is: NifTI                            [2m           [0m
[2;36m                      [0m[2;36m [0m[34mINFO    [0m [1;36m2025[0m-[1;36m08[0m-[1;36m22[0m [1;92m07:41:02[0m AM -   ]8;id=757971;file:///ceph/apps/ubuntu-20/packages/brainglobe/2024-03-01/lib/python3.10/site-packages/nibabel/batteryrunners.py\[2mbatteryrunners.py[0m]8;;\[2m:[0m]8;id=819476;file:///ceph/apps/ubuntu-20/packages/brainglobe/2024-03-01/lib/python3.10/site-packages/nibabel/batteryrunners.py#268\[2m268[0m]8;;\
[2;36m                       [0m         INFO - MainProcess         [2m                     [0m
[2;36m                       [0m         batteryrunners.py:[1;36m268[0m -    [2m                     [0m
[2;36m                       [0m         pixdim[1m[[0m[1;36m0[0m[1m][0m [1m([0mqfac[1m)[0m should be [2m                     [0m
[2;36m                       [0m         [1;36m1[0m [1m([0mdefault[1m)[0m or [1;36m-1[0m; setting [2m                     [0m
[2;36m                       [0m         qfac to [1;36m1[0m                  [2m                     [0m
[2;36m2025-08-22 07:41:32 AM[0m[2;36m [0m[32mDEBUG   [0m [1;36m2025[0m-[1;36m08[0m-[1;36m22[0m [1;92m07:41:32[0m AM - DEBUG -     ]8;id=143782;file:///ceph/apps/ubuntu-20/packages/brainglobe/2024-03-01/lib/python3.10/site-packages/brainglobe_utils/image_io/load.py\[2mload.py[0m]8;;\[2m:[0m]8;id=685763;file:///ceph/apps/ubuntu-20/packages/brainglobe/2024-03-01/lib/python3.10/site-packages/brainglobe_utils/image_io/load.py#105\[2m105[0m]8;;\
[2;36m                       [0m         MainProcess load.py:[1;36m105[0m - Data type  [2m           [0m
[2;36m                       [0m         is: NifTI                            [2m           [0m
[2;36m                      [0m[2;36m [0m[34mINFO    [0m [1;36m2025[0m-[1;36m08[0m-[1;36m22[0m [1;92m07:41:32[0m AM -   ]8;id=685175;file:///ceph/apps/ubuntu-20/packages/brainglobe/2024-03-01/lib/python3.10/site-packages/nibabel/batteryrunners.py\[2mbatteryrunners.py[0m]8;;\[2m:[0m]8;id=395239;file:///ceph/apps/ubuntu-20/packages/brainglobe/2024-03-01/lib/python3.10/site-packages/nibabel/batteryrunners.py#268\[2m268[0m]8;;\
[2;36m                       [0m         INFO - MainProcess         [2m                     [0m
[2;36m                       [0m         batteryrunners.py:[1;36m268[0m -    [2m                     [0m
[2;36m                       [0m         pixdim[1m[[0m[1;36m0[0m[1m][0m [1m([0mqfac[1m)[0m should be [2m                     [0m
[2;36m                       [0m         [1;36m1[0m [1m([0mdefault[1m)[0m or [1;36m-1[0m; setting [2m                     [0m
[2;36m                       [0m         qfac to [1;36m1[0m                  [2m                     [0m
[2;36m2025-08-22 07:41:46 AM[0m[2;36m [0m[32mDEBUG   [0m [1;36m2025[0m-[1;36m08[0m-[1;36m22[0m [1;92m07:41:46[0m AM - DEBUG -     ]8;id=871596;file:///ceph/apps/ubuntu-20/packages/brainglobe/2024-03-01/lib/python3.10/site-packages/brainglobe_utils/image_io/load.py\[2mload.py[0m]8;;\[2m:[0m]8;id=484576;file:///ceph/apps/ubuntu-20/packages/brainglobe/2024-03-01/lib/python3.10/site-packages/brainglobe_utils/image_io/load.py#105\[2m105[0m]8;;\
[2;36m                       [0m         MainProcess load.py:[1;36m105[0m - Data type  [2m           [0m
[2;36m                       [0m         is: NifTI                            [2m           [0m
[2;36m                      [0m[2;36m [0m[34mINFO    [0m [1;36m2025[0m-[1;36m08[0m-[1;36m22[0m [1;92m07:41:46[0m AM -   ]8;id=896746;file:///ceph/apps/ubuntu-20/packages/brainglobe/2024-03-01/lib/python3.10/site-packages/nibabel/batteryrunners.py\[2mbatteryrunners.py[0m]8;;\[2m:[0m]8;id=300711;file:///ceph/apps/ubuntu-20/packages/brainglobe/2024-03-01/lib/python3.10/site-packages/nibabel/batteryrunners.py#268\[2m268[0m]8;;\
[2;36m                       [0m         INFO - MainProcess         [2m                     [0m
[2;36m                       [0m         batteryrunners.py:[1;36m268[0m -    [2m                     [0m
[2;36m                       [0m         pixdim[1m[[0m[1;36m0[0m[1m][0m [1m([0mqfac[1m)[0m should be [2m                     [0m
[2;36m                       [0m         [1;36m1[0m [1m([0mdefault[1m)[0m or [1;36m-1[0m; setting [2m                     [0m
[2;36m                       [0m         qfac to [1;36m1[0m                  [2m                     [0m
[2;36m2025-08-22 07:42:10 AM[0m[2;36m [0m[32mDEBUG   [0m [1;36m2025[0m-[1;36m08[0m-[1;36m22[0m [1;92m07:42:10[0m AM - DEBUG -     ]8;id=781213;file:///ceph/apps/ubuntu-20/packages/brainglobe/2024-03-01/lib/python3.10/site-packages/brainglobe_utils/image_io/load.py\[2mload.py[0m]8;;\[2m:[0m]8;id=212376;file:///ceph/apps/ubuntu-20/packages/brainglobe/2024-03-01/lib/python3.10/site-packages/brainglobe_utils/image_io/load.py#105\[2m105[0m]8;;\
[2;36m                       [0m         MainProcess load.py:[1;36m105[0m - Data type  [2m           [0m
[2;36m                       [0m         is: NifTI                            [2m           [0m
[2;36m                      [0m[2;36m [0m[34mINFO    [0m [1;36m2025[0m-[1;36m08[0m-[1;36m22[0m [1;92m07:42:10[0m AM -   ]8;id=871909;file:///ceph/apps/ubuntu-20/packages/brainglobe/2024-03-01/lib/python3.10/site-packages/nibabel/batteryrunners.py\[2mbatteryrunners.py[0m]8;;\[2m:[0m]8;id=415078;file:///ceph/apps/ubuntu-20/packages/brainglobe/2024-03-01/lib/python3.10/site-packages/nibabel/batteryrunners.py#268\[2m268[0m]8;;\
[2;36m                       [0m         INFO - MainProcess         [2m                     [0m
[2;36m                       [0m         batteryrunners.py:[1;36m268[0m -    [2m                     [0m
[2;36m                       [0m         pixdim[1m[[0m[1;36m0[0m[1m][0m [1m([0mqfac[1m)[0m should be [2m                     [0m
[2;36m                       [0m         [1;36m1[0m [1m([0mdefault[1m)[0m or [1;36m-1[0m; setting [2m                     [0m
[2;36m                       [0m         qfac to [1;36m1[0m                  [2m                     [0m
[2;36m2025-08-22 07:43:08 AM[0m[2;36m [0m[34mINFO    [0m [1;36m2025[0m-[1;36m08[0m-[1;36m22[0m [1;92m07:43:08[0m AM - INFO -       ]8;id=711843;file:///ceph/apps/ubuntu-20/packages/brainglobe/2024-03-01/lib/python3.10/site-packages/brainreg/core/backend/niftyreg/run.py\[2mrun.py[0m]8;;\[2m:[0m]8;id=24859;file:///ceph/apps/ubuntu-20/packages/brainglobe/2024-03-01/lib/python3.10/site-packages/brainreg/core/backend/niftyreg/run.py#175\[2m175[0m]8;;\
[2;36m                       [0m         MainProcess run.py:[1;36m175[0m - Saving       [2m          [0m
[2;36m                       [0m         additional downsampled images         [2m          [0m
[2;36m                      [0m[2;36m [0m[34mINFO    [0m [1;36m2025[0m-[1;36m08[0m-[1;36m22[0m [1;92m07:43:08[0m AM - INFO -       ]8;id=705871;file:///ceph/apps/ubuntu-20/packages/brainglobe/2024-03-01/lib/python3.10/site-packages/brainreg/core/backend/niftyreg/run.py\[2mrun.py[0m]8;;\[2m:[0m]8;id=167185;file:///ceph/apps/ubuntu-20/packages/brainglobe/2024-03-01/lib/python3.10/site-packages/brainreg/core/backend/niftyreg/run.py#177\[2m177[0m]8;;\
[2;36m                       [0m         MainProcess run.py:[1;36m177[0m - Processing:  [2m          [0m
[2;36m                       [0m         [1;36m2[0m                                     [2m          [0m
[2;36m                      [0m[2;36m [0m[32mDEBUG   [0m [1;36m2025[0m-[1;36m08[0m-[1;36m22[0m [1;92m07:43:08[0m AM - DEBUG -      ]8;id=791519;file:///ceph/apps/ubuntu-20/packages/brainglobe/2024-03-01/lib/python3.10/site-packages/brainglobe_utils/image_io/load.py\[2mload.py[0m]8;;\[2m:[0m]8;id=675276;file:///ceph/apps/ubuntu-20/packages/brainglobe/2024-03-01/lib/python3.10/site-packages/brainglobe_utils/image_io/load.py#69\[2m69[0m]8;;\
[2;36m                       [0m         MainProcess load.py:[1;36m69[0m - Data type    [2m          [0m
[2;36m                       [0m         is: directory of files                [2m          [0m
[2;36m                      [0m[2;36m [0m[32mDEBUG   [0m [1;36m2025[0m-[1;36m08[0m-[1;36m22[0m [1;92m07:43:08[0m AM - DEBUG -   ]8;id=17667;file:///ceph/apps/ubuntu-20/packages/brainglobe/2024-03-01/lib/python3.10/site-packages/brainglobe_utils/general/system.py\[2msystem.py[0m]8;;\[2m:[0m]8;id=409703;file:///ceph/apps/ubuntu-20/packages/brainglobe/2024-03-01/lib/python3.10/site-packages/brainglobe_utils/general/system.py#139\[2m139[0m]8;;\
[2;36m                       [0m         MainProcess system.py:[1;36m139[0m -        [2m             [0m
[2;36m                       [0m         Determining the maximum number of  [2m             [0m
[2;36m                       [0m         CPU cores to use                   [2m             [0m
[2;36m                      [0m[2;36m [0m[32mDEBUG   [0m [1;36m2025[0m-[1;36m08[0m-[1;36m22[0m [1;92m07:43:08[0m AM - DEBUG -   ]8;id=650737;file:///ceph/apps/ubuntu-20/packages/brainglobe/2024-03-01/lib/python3.10/site-packages/brainglobe_utils/general/system.py\[2msystem.py[0m]8;;\[2m:[0m]8;id=389240;file:///ceph/apps/ubuntu-20/packages/brainglobe/2024-03-01/lib/python3.10/site-packages/brainglobe_utils/general/system.py#144\[2m144[0m]8;;\
[2;36m                       [0m         MainProcess system.py:[1;36m144[0m - Number [2m             [0m
[2;36m                       [0m         of CPU cores available is: [1;36m4[0m       [2m             [0m
[2;36m                      [0m[2;36m [0m[32mDEBUG   [0m [1;36m2025[0m-[1;36m08[0m-[1;36m22[0m [1;92m07:43:08[0m AM - DEBUG -   ]8;id=886433;file:///ceph/apps/ubuntu-20/packages/brainglobe/2024-03-01/lib/python3.10/site-packages/brainglobe_utils/general/system.py\[2msystem.py[0m]8;;\[2m:[0m]8;id=985544;file:///ceph/apps/ubuntu-20/packages/brainglobe/2024-03-01/lib/python3.10/site-packages/brainglobe_utils/general/system.py#171\[2m171[0m]8;;\
[2;36m                       [0m         MainProcess system.py:[1;36m171[0m -        [2m             [0m
[2;36m                       [0m         Setting number of processes to: [1;36m4[0m  [2m             [0m
[2;36m2025-08-22 07:47:45 AM[0m[2;36m [0m[34mINFO    [0m [1;36m2025[0m-[1;36m08[0m-[1;36m22[0m [1;92m07:47:45[0m AM - INFO -       ]8;id=469698;file:///ceph/apps/ubuntu-20/packages/brainglobe/2024-03-01/lib/python3.10/site-packages/brainreg/core/backend/niftyreg/run.py\[2mrun.py[0m]8;;\[2m:[0m]8;id=986350;file:///ceph/apps/ubuntu-20/packages/brainglobe/2024-03-01/lib/python3.10/site-packages/brainreg/core/backend/niftyreg/run.py#222\[2m222[0m]8;;\
[2;36m                       [0m         MainProcess run.py:[1;36m222[0m - Transforming [2m          [0m
[2;36m                       [0m         to standard space                     [2m          [0m
[2;36m2025-08-22 07:48:44 AM[0m[2;36m [0m[32mDEBUG   [0m [1;36m2025[0m-[1;36m08[0m-[1;36m22[0m [1;92m07:48:44[0m AM - DEBUG -     ]8;id=627540;file:///ceph/apps/ubuntu-20/packages/brainglobe/2024-03-01/lib/python3.10/site-packages/brainglobe_utils/image_io/load.py\[2mload.py[0m]8;;\[2m:[0m]8;id=940938;file:///ceph/apps/ubuntu-20/packages/brainglobe/2024-03-01/lib/python3.10/site-packages/brainglobe_utils/image_io/load.py#105\[2m105[0m]8;;\
[2;36m                       [0m         MainProcess load.py:[1;36m105[0m - Data type  [2m           [0m
[2;36m                       [0m         is: NifTI                            [2m           [0m
[2;36m2025-08-22 07:48:46 AM[0m[2;36m [0m[34mINFO    [0m [1;36m2025[0m-[1;36m08[0m-[1;36m22[0m [1;92m07:48:46[0m AM -   ]8;id=690308;file:///ceph/apps/ubuntu-20/packages/brainglobe/2024-03-01/lib/python3.10/site-packages/nibabel/batteryrunners.py\[2mbatteryrunners.py[0m]8;;\[2m:[0m]8;id=453734;file:///ceph/apps/ubuntu-20/packages/brainglobe/2024-03-01/lib/python3.10/site-packages/nibabel/batteryrunners.py#268\[2m268[0m]8;;\
[2;36m                       [0m         INFO - MainProcess         [2m                     [0m
[2;36m                       [0m         batteryrunners.py:[1;36m268[0m -    [2m                     [0m
[2;36m                       [0m         pixdim[1m[[0m[1;36m0[0m[1m][0m [1m([0mqfac[1m)[0m should be [2m                     [0m
[2;36m                       [0m         [1;36m1[0m [1m([0mdefault[1m)[0m or [1;36m-1[0m; setting [2m                     [0m
[2;36m                       [0m         qfac to [1;36m1[0m                  [2m                     [0m
[2;36m2025-08-22 07:56:09 AM[0m[2;36m [0m[34mINFO    [0m [1;36m2025[0m-[1;36m08[0m-[1;36m22[0m [1;92m07:56:09[0m AM - INFO -       ]8;id=488045;file:///ceph/apps/ubuntu-20/packages/brainglobe/2024-03-01/lib/python3.10/site-packages/brainreg/core/main.py\[2mmain.py[0m]8;;\[2m:[0m]8;id=322675;file:///ceph/apps/ubuntu-20/packages/brainglobe/2024-03-01/lib/python3.10/site-packages/brainreg/core/main.py#95\[2m95[0m]8;;\
[2;36m                       [0m         MainProcess main.py:[1;36m95[0m - Calculating  [2m          [0m
[2;36m                       [0m         volumes of each brain area            [2m          [0m
[2;36m                      [0m[2;36m [0m[32mDEBUG   [0m [1;36m2025[0m-[1;36m08[0m-[1;36m22[0m [1;92m07:56:09[0m AM - DEBUG -      ]8;id=534830;file:///ceph/apps/ubuntu-20/packages/brainglobe/2024-03-01/lib/python3.10/site-packages/brainglobe_utils/image_io/load.py\[2mload.py[0m]8;;\[2m:[0m]8;id=585496;file:///ceph/apps/ubuntu-20/packages/brainglobe/2024-03-01/lib/python3.10/site-packages/brainglobe_utils/image_io/load.py#93\[2m93[0m]8;;\
[2;36m                       [0m         MainProcess load.py:[1;36m93[0m - Data type    [2m          [0m
[2;36m                       [0m         is: tif stack                         [2m          [0m
[2;36m                      [0m[2;36m [0m[32mDEBUG   [0m [1;36m2025[0m-[1;36m08[0m-[1;36m22[0m [1;92m07:56:09[0m AM - DEBUG -     ]8;id=987544;file:///ceph/apps/ubuntu-20/packages/brainglobe/2024-03-01/lib/python3.10/site-packages/brainglobe_utils/image_io/load.py\[2mload.py[0m]8;;\[2m:[0m]8;id=182507;file:///ceph/apps/ubuntu-20/packages/brainglobe/2024-03-01/lib/python3.10/site-packages/brainglobe_utils/image_io/load.py#152\[2m152[0m]8;;\
[2;36m                       [0m         MainProcess load.py:[1;36m152[0m - Loading:   [2m           [0m
[2;36m                       [0m         ..[35m/data/preprocessed_data/brainreg/a[0m [2m           [0m
[2;36m                       [0m         [35mh09/allen_mouse_10um/[0m[95mregistered_atla[0m [2m           [0m
[2;36m                       [0m         [95ms.tiff[0m                               [2m           [0m
[2;36m2025-08-22 07:56:29 AM[0m[2;36m [0m[32mDEBUG   [0m [1;36m2025[0m-[1;36m08[0m-[1;36m22[0m [1;92m07:56:29[0m AM - DEBUG -      ]8;id=652109;file:///ceph/apps/ubuntu-20/packages/brainglobe/2024-03-01/lib/python3.10/site-packages/brainglobe_utils/image_io/load.py\[2mload.py[0m]8;;\[2m:[0m]8;id=281663;file:///ceph/apps/ubuntu-20/packages/brainglobe/2024-03-01/lib/python3.10/site-packages/brainglobe_utils/image_io/load.py#93\[2m93[0m]8;;\
[2;36m                       [0m         MainProcess load.py:[1;36m93[0m - Data type    [2m          [0m
[2;36m                       [0m         is: tif stack                         [2m          [0m
[2;36m                      [0m[2;36m [0m[32mDEBUG   [0m [1;36m2025[0m-[1;36m08[0m-[1;36m22[0m [1;92m07:56:29[0m AM - DEBUG -     ]8;id=422617;file:///ceph/apps/ubuntu-20/packages/brainglobe/2024-03-01/lib/python3.10/site-packages/brainglobe_utils/image_io/load.py\[2mload.py[0m]8;;\[2m:[0m]8;id=38116;file:///ceph/apps/ubuntu-20/packages/brainglobe/2024-03-01/lib/python3.10/site-packages/brainglobe_utils/image_io/load.py#152\[2m152[0m]8;;\
[2;36m                       [0m         MainProcess load.py:[1;36m152[0m - Loading:   [2m           [0m
[2;36m                       [0m         ..[35m/data/preprocessed_data/brainreg/a[0m [2m           [0m
[2;36m                       [0m         [35mh09/allen_mouse_10um/[0m[95mregistered_hemi[0m [2m           [0m
[2;36m                       [0m         [95mspheres.tiff[0m                         [2m           [0m
[2;36m2025-08-22 07:56:53 AM[0m[2;36m [0m[31mWARNING [0m [1;36m2025[0m-[1;36m08[0m-[1;36m22[0m [1;92m07:56:53[0m AM - WARNING -  ]8;id=115180;file:///ceph/apps/ubuntu-20/packages/brainglobe/2024-03-01/lib/python3.10/site-packages/brainreg/core/utils/volume.py\[2mvolume.py[0m]8;;\[2m:[0m]8;id=828736;file:///ceph/apps/ubuntu-20/packages/brainglobe/2024-03-01/lib/python3.10/site-packages/brainreg/core/utils/volume.py#90\[2m90[0m]8;;\
[2;36m                       [0m         MainProcess volume.py:[1;36m90[0m - Atlas    [2m            [0m
[2;36m                       [0m         value: [1;36m437[0m not found in registered  [2m            [0m
[2;36m                       [0m         atlas. Setting registered volume to [2m            [0m
[2;36m                       [0m         [1;36m0[0m.                                  [2m            [0m
[2;36m                      [0m[2;36m [0m[31mWARNING [0m [1;36m2025[0m-[1;36m08[0m-[1;36m22[0m [1;92m07:56:53[0m AM - WARNING -  ]8;id=421447;file:///ceph/apps/ubuntu-20/packages/brainglobe/2024-03-01/lib/python3.10/site-packages/brainreg/core/utils/volume.py\[2mvolume.py[0m]8;;\[2m:[0m]8;id=579146;file:///ceph/apps/ubuntu-20/packages/brainglobe/2024-03-01/lib/python3.10/site-packages/brainreg/core/utils/volume.py#90\[2m90[0m]8;;\
[2;36m                       [0m         MainProcess volume.py:[1;36m90[0m - Atlas    [2m            [0m
[2;36m                       [0m         value: [1;36m545[0m not found in registered  [2m            [0m
[2;36m                       [0m         atlas. Setting registered volume to [2m            [0m
[2;36m                       [0m         [1;36m0[0m.                                  [2m            [0m
[2;36m                      [0m[2;36m [0m[34mINFO    [0m [1;36m2025[0m-[1;36m08[0m-[1;36m22[0m [1;92m07:56:53[0m AM - INFO -      ]8;id=934483;file:///ceph/apps/ubuntu-20/packages/brainglobe/2024-03-01/lib/python3.10/site-packages/brainreg/core/main.py\[2mmain.py[0m]8;;\[2m:[0m]8;id=497660;file:///ceph/apps/ubuntu-20/packages/brainglobe/2024-03-01/lib/python3.10/site-packages/brainreg/core/main.py#107\[2m107[0m]8;;\
[2;36m                       [0m         MainProcess main.py:[1;36m107[0m - Generating [2m           [0m
[2;36m                       [0m         boundary image                       [2m           [0m
[2;36m                      [0m[2;36m [0m[32mDEBUG   [0m [1;36m2025[0m-[1;36m08[0m-[1;36m22[0m [1;92m07:56:53[0m AM - DEBUG -      ]8;id=220607;file:///ceph/apps/ubuntu-20/packages/brainglobe/2024-03-01/lib/python3.10/site-packages/brainglobe_utils/image_io/load.py\[2mload.py[0m]8;;\[2m:[0m]8;id=165801;file:///ceph/apps/ubuntu-20/packages/brainglobe/2024-03-01/lib/python3.10/site-packages/brainglobe_utils/image_io/load.py#93\[2m93[0m]8;;\
[2;36m                       [0m         MainProcess load.py:[1;36m93[0m - Data type    [2m          [0m
[2;36m                       [0m         is: tif stack                         [2m          [0m
[2;36m                      [0m[2;36m [0m[32mDEBUG   [0m [1;36m2025[0m-[1;36m08[0m-[1;36m22[0m [1;92m07:56:53[0m AM - DEBUG -     ]8;id=907670;file:///ceph/apps/ubuntu-20/packages/brainglobe/2024-03-01/lib/python3.10/site-packages/brainglobe_utils/image_io/load.py\[2mload.py[0m]8;;\[2m:[0m]8;id=121181;file:///ceph/apps/ubuntu-20/packages/brainglobe/2024-03-01/lib/python3.10/site-packages/brainglobe_utils/image_io/load.py#152\[2m152[0m]8;;\
[2;36m                       [0m         MainProcess load.py:[1;36m152[0m - Loading:   [2m           [0m
[2;36m                       [0m         ..[35m/data/preprocessed_data/brainreg/a[0m [2m           [0m
[2;36m                       [0m         [35mh09/allen_mouse_10um/[0m[95mregistered_atla[0m [2m           [0m
[2;36m                       [0m         [95ms.tiff[0m                               [2m           [0m
[2;36m2025-08-22 07:57:19 AM[0m[2;36m [0m[32mDEBUG   [0m [1;36m2025[0m-[1;36m08[0m-[1;36m22[0m [1;92m07:57:19[0m AM - DEBUG  ]8;id=933449;file:///ceph/apps/ubuntu-20/packages/brainglobe/2024-03-01/lib/python3.10/site-packages/brainreg/core/utils/boundaries.py\[2mboundaries.py[0m]8;;\[2m:[0m]8;id=164773;file:///ceph/apps/ubuntu-20/packages/brainglobe/2024-03-01/lib/python3.10/site-packages/brainreg/core/utils/boundaries.py#21\[2m21[0m]8;;\
[2;36m                       [0m         - MainProcess boundaries.py:[1;36m21[0m  [2m                [0m
[2;36m                       [0m         - Saving segmentation boundary  [2m                [0m
[2;36m                       [0m         image                           [2m                [0m
[2;36m2025-08-22 07:57:20 AM[0m[2;36m [0m[34mINFO    [0m [1;36m2025[0m-[1;36m08[0m-[1;36m22[0m [1;92m07:57:20[0m AM - INFO -      ]8;id=553471;file:///ceph/apps/ubuntu-20/packages/brainglobe/2024-03-01/lib/python3.10/site-packages/brainreg/core/main.py\[2mmain.py[0m]8;;\[2m:[0m]8;id=624362;file:///ceph/apps/ubuntu-20/packages/brainglobe/2024-03-01/lib/python3.10/site-packages/brainreg/core/main.py#110\[2m110[0m]8;;\
[2;36m                       [0m         MainProcess main.py:[1;36m110[0m - brainreg   [2m           [0m
[2;36m                       [0m         completed. Results can be found      [2m           [0m
[2;36m                       [0m         here:                                [2m           [0m
[2;36m                       [0m         ..[35m/data/preprocessed_data/brainreg/a[0m [2m           [0m
[2;36m                       [0m         [35mh09/[0m[95mallen_mouse_10um[0m                 [2m           [0m
[2;36m                      [0m[2;36m [0m[34mINFO    [0m [1;36m2025[0m-[1;36m08[0m-[1;36m22[0m [1;92m07:57:20[0m AM - INFO -       ]8;id=974042;file:///ceph/apps/ubuntu-20/packages/brainglobe/2024-03-01/lib/python3.10/site-packages/brainreg/core/cli.py\[2mcli.py[0m]8;;\[2m:[0m]8;id=428054;file:///ceph/apps/ubuntu-20/packages/brainglobe/2024-03-01/lib/python3.10/site-packages/brainreg/core/cli.py#251\[2m251[0m]8;;\
[2;36m                       [0m         MainProcess cli.py:[1;36m251[0m - Finished.    [2m          [0m
[2;36m                       [0m         Total time taken: [1;92m1:40:10[0m.[1;36m833041[0m      [2m          [0m
